Component: ARM Compiler 5.05 update 1 (build 106) Tool: armlink [4d0efa]

==============================================================================

Section Cross References

    main.o(i.main) refers to delay.o(i.delay_init) for delay_init
    main.o(i.main) refers to exti.o(i.NVIC_Config) for NVIC_Config
    main.o(i.main) refers to oled.o(i.OLED_Init) for OLED_Init
    main.o(i.main) refers to oled.o(i.OLED_Clear) for OLED_Clear
    main.o(i.main) refers to mpu6050.o(i.MPU_Init) for MPU_Init
    main.o(i.main) refers to stm32f10x_gpio.o(i.GPIO_SetBits) for GPIO_SetBits
    main.o(i.main) refers to inv_mpu.o(i.mpu_dmp_init) for mpu_dmp_init
    main.o(i.main) refers to exti.o(i.MPU6050_EXTI_Init) for MPU6050_EXTI_Init
    main.o(i.main) refers to pwm.o(i.Motor_Init) for Motor_Init
    main.o(i.main) refers to pwm.o(i.PWM_Init_TIM1) for PWM_Init_TIM1
    main.o(i.main) refers to usart.o(i.uart_init) for uart_init
    main.o(i.main) refers to usart.o(i.uart3_init) for uart3_init
    main.o(i.main) refers to encoder.o(i.Encoder_TIM2_Init) for Encoder_TIM2_Init
    main.o(i.main) refers to encoder.o(i.Encoder_TIM4_Init) for Encoder_TIM4_Init
    main.o(i.main) refers to tracking.o(i.Tracking_Init) for Tracking_Init
    main.o(i.main) refers to f2d.o(.text) for __aeabi_f2d
    main.o(i.main) refers to oled.o(i.OLED_Float) for OLED_Float
    main.o(i.main) refers to encoder.o(i.Read_Encoder) for Read_Encoder
    main.o(i.main) refers to dflti.o(.text) for __aeabi_i2d
    main.o(i.main) refers to dfltui.o(.text) for __aeabi_ui2d
    main.o(i.main) refers to control.o(.data) for Pitch
    main.o(i.main) refers to stm32f10x_it.o(.data) for Usart3_Receive
    stm32f10x_it.o(i.USART3_IRQHandler) refers to stm32f10x_usart.o(i.USART_GetITStatus) for USART_GetITStatus
    stm32f10x_it.o(i.USART3_IRQHandler) refers to stm32f10x_usart.o(i.USART_ReceiveData) for USART_ReceiveData
    stm32f10x_it.o(i.USART3_IRQHandler) refers to stm32f10x_it.o(.data) for uart_receive
    system_stm32f10x.o(i.SetSysClock) refers to system_stm32f10x.o(i.SetSysClockTo72) for SetSysClockTo72
    system_stm32f10x.o(i.SystemCoreClockUpdate) refers to system_stm32f10x.o(.data) for SystemCoreClock
    system_stm32f10x.o(i.SystemInit) refers to system_stm32f10x.o(i.SetSysClock) for SetSysClock
    delay.o(i.delay_init) refers to misc.o(i.SysTick_CLKSourceConfig) for SysTick_CLKSourceConfig
    delay.o(i.delay_init) refers to system_stm32f10x.o(.data) for SystemCoreClock
    delay.o(i.delay_init) refers to delay.o(.data) for fac_us
    delay.o(i.delay_ms) refers to delay.o(.data) for fac_ms
    delay.o(i.delay_us) refers to delay.o(.data) for fac_us
    usart.o(i.uart3_init) refers to stm32f10x_rcc.o(i.RCC_APB2PeriphClockCmd) for RCC_APB2PeriphClockCmd
    usart.o(i.uart3_init) refers to stm32f10x_rcc.o(i.RCC_APB1PeriphClockCmd) for RCC_APB1PeriphClockCmd
    usart.o(i.uart3_init) refers to stm32f10x_gpio.o(i.GPIO_Init) for GPIO_Init
    usart.o(i.uart3_init) refers to stm32f10x_usart.o(i.USART_Init) for USART_Init
    usart.o(i.uart3_init) refers to stm32f10x_usart.o(i.USART_ITConfig) for USART_ITConfig
    usart.o(i.uart3_init) refers to stm32f10x_usart.o(i.USART_Cmd) for USART_Cmd
    usart.o(i.uart_init) refers to stm32f10x_rcc.o(i.RCC_APB2PeriphClockCmd) for RCC_APB2PeriphClockCmd
    usart.o(i.uart_init) refers to stm32f10x_gpio.o(i.GPIO_Init) for GPIO_Init
    usart.o(i.uart_init) refers to stm32f10x_usart.o(i.USART_Init) for USART_Init
    usart.o(i.uart_init) refers to stm32f10x_usart.o(i.USART_ITConfig) for USART_ITConfig
    usart.o(i.uart_init) refers to stm32f10x_usart.o(i.USART_Cmd) for USART_Cmd
    startup_stm32f10x_md.o(RESET) refers to startup_stm32f10x_md.o(STACK) for __initial_sp
    startup_stm32f10x_md.o(RESET) refers to startup_stm32f10x_md.o(.text) for Reset_Handler
    startup_stm32f10x_md.o(RESET) refers to stm32f10x_it.o(i.NMI_Handler) for NMI_Handler
    startup_stm32f10x_md.o(RESET) refers to stm32f10x_it.o(i.HardFault_Handler) for HardFault_Handler
    startup_stm32f10x_md.o(RESET) refers to stm32f10x_it.o(i.MemManage_Handler) for MemManage_Handler
    startup_stm32f10x_md.o(RESET) refers to stm32f10x_it.o(i.BusFault_Handler) for BusFault_Handler
    startup_stm32f10x_md.o(RESET) refers to stm32f10x_it.o(i.UsageFault_Handler) for UsageFault_Handler
    startup_stm32f10x_md.o(RESET) refers to stm32f10x_it.o(i.SVC_Handler) for SVC_Handler
    startup_stm32f10x_md.o(RESET) refers to stm32f10x_it.o(i.DebugMon_Handler) for DebugMon_Handler
    startup_stm32f10x_md.o(RESET) refers to stm32f10x_it.o(i.PendSV_Handler) for PendSV_Handler
    startup_stm32f10x_md.o(RESET) refers to stm32f10x_it.o(i.SysTick_Handler) for SysTick_Handler
    startup_stm32f10x_md.o(RESET) refers to encoder.o(i.TIM2_IRQHandler) for TIM2_IRQHandler
    startup_stm32f10x_md.o(RESET) refers to encoder.o(i.TIM4_IRQHandler) for TIM4_IRQHandler
    startup_stm32f10x_md.o(RESET) refers to stm32f10x_it.o(i.USART3_IRQHandler) for USART3_IRQHandler
[...]
    i.HardFault_Handler                      0x0800116a   Section        0  stm32f10x_it.o(i.HardFault_Handler)
    i.MPU6050_EXTI_Init                      0x08001170   Section        0  exti.o(i.MPU6050_EXTI_Init)
    i.MPU_Get_Accelerometer                  0x080011c4   Section        0  mpu6050.o(i.MPU_Get_Accelerometer)
    i.MPU_Get_Gyroscope                      0x08001214   Section        0  mpu6050.o(i.MPU_Get_Gyroscope)
    i.MPU_IIC_Ack                            0x08001264   Section        0  mpuiic.o(i.MPU_IIC_Ack)
    i.MPU_IIC_Delay                          0x080012b0   Section        0  mpuiic.o(i.MPU_IIC_Delay)
    i.MPU_IIC_Init                           0x080012bc   Section        0  mpuiic.o(i.MPU_IIC_Init)
    i.MPU_IIC_NAck                           0x080012e8   Section        0  mpuiic.o(i.MPU_IIC_NAck)
    i.MPU_IIC_Read_Byte                      0x08001334   Section        0  mpuiic.o(i.MPU_IIC_Read_Byte)
    i.MPU_IIC_Send_Byte                      0x080013a0   Section        0  mpuiic.o(i.MPU_IIC_Send_Byte)
    i.MPU_IIC_Start                          0x080013fc   Section        0  mpuiic.o(i.MPU_IIC_Start)
    i.MPU_IIC_Stop                           0x08001444   Section        0  mpuiic.o(i.MPU_IIC_Stop)
    i.MPU_IIC_Wait_Ack                       0x0800148c   Section        0  mpuiic.o(i.MPU_IIC_Wait_Ack)
    i.MPU_Init                               0x080014f0   Section        0  mpu6050.o(i.MPU_Init)
    i.MPU_Read_Byte                          0x0800156a   Section        0  mpu6050.o(i.MPU_Read_Byte)
    i.MPU_Read_Len                           0x080015a4   Section        0  mpu6050.o(i.MPU_Read_Len)
    i.MPU_Set_Accel_Fsr                      0x08001618   Section        0  mpu6050.o(i.MPU_Set_Accel_Fsr)
    i.MPU_Set_Gyro_Fsr                       0x08001628   Section        0  mpu6050.o(i.MPU_Set_Gyro_Fsr)
    i.MPU_Set_LPF                            0x08001638   Section        0  mpu6050.o(i.MPU_Set_LPF)
    i.MPU_Set_Rate                           0x08001672   Section        0  mpu6050.o(i.MPU_Set_Rate)
    i.MPU_Write_Byte                         0x080016ac   Section        0  mpu6050.o(i.MPU_Write_Byte)
    i.MPU_Write_Len                          0x080016f0   Section        0  mpu6050.o(i.MPU_Write_Len)
    i.MemManage_Handler                      0x08001750   Section        0  stm32f10x_it.o(i.MemManage_Handler)
    i.Motor_Init                             0x08001754   Section        0  pwm.o(i.Motor_Init)
    i.NMI_Handler                            0x08001780   Section        0  stm32f10x_it.o(i.NMI_Handler)
    i.NVIC_Config                            0x08001782   Section        0  exti.o(i.NVIC_Config)
    i.NVIC_Init                              0x080017c8   Section        0  misc.o(i.NVIC_Init)
    i.NVIC_PriorityGroupConfig               0x08001838   Section        0  misc.o(i.NVIC_PriorityGroupConfig)
    i.OLED_Clear                             0x0800184c   Section        0  oled.o(i.OLED_Clear)
    i.OLED_Float                             0x0800188c   Section        0  oled.o(i.OLED_Float)
    i.OLED_IIC_Start                         0x08001a4c   Section        0  oled.o(i.OLED_IIC_Start)
    i.OLED_IIC_Stop                          0x08001a74   Section        0  oled.o(i.OLED_IIC_Stop)
    i.OLED_IIC_Wait_Ack                      0x08001a94   Section        0  oled.o(i.OLED_IIC_Wait_Ack)
    i.OLED_Init                              0x08001aac   Section        0  oled.o(i.OLED_Init)
    i.OLED_Set_Pos                           0x08001bcc   Section        0  oled.o(i.OLED_Set_Pos)
    i.OLED_ShowChar                          0x08001bf4   Section        0  oled.o(i.OLED_ShowChar)
    i.OLED_ShowString                        0x08001c98   Section        0  oled.o(i.OLED_ShowString)
    i.OLED_WR_Byte                           0x08001cce   Section        0  oled.o(i.OLED_WR_Byte)
    i.OLED_Write_IIC_Byte                    0x08001ce8   Section        0  oled.o(i.OLED_Write_IIC_Byte)
    i.OLED_Write_IIC_Command                 0x08001d3c   Section        0  oled.o(i.OLED_Write_IIC_Command)
    i.OLED_Write_IIC_Data                    0x08001d68   Section        0  oled.o(i.OLED_Write_IIC_Data)
    i.PWM_Init_TIM1                          0x08001d94   Section        0  pwm.o(i.PWM_Init_TIM1)
    i.PendSV_Handler                         0x08001e3c   Section        0  stm32f10x_it.o(i.PendSV_Handler)
    i.RCC_APB1PeriphClockCmd                 0x08001e40   Section        0  stm32f10x_rcc.o(i.RCC_APB1PeriphClockCmd)
    i.RCC_APB2PeriphClockCmd                 0x08001e60   Section        0  stm32f10x_rcc.o(i.RCC_APB2PeriphClockCmd)
    i.RCC_GetClocksFreq                      0x08001e80   Section        0  stm32f10x_rcc.o(i.RCC_GetClocksFreq)
    i.Read_Encoder                           0x08001f54   Section        0  encoder.o(i.Read_Encoder)
    i.SVC_Handler                            0x08001fa4   Section        0  stm32f10x_it.o(i.SVC_Handler)
    i.SetSysClock                            0x08001fa6   Section        0  system_stm32f10x.o(i.SetSysClock)
    SetSysClock                              0x08001fa7   Thumb Code     8  system_stm32f10x.o(i.SetSysClock)
    i.SetSysClockTo72                        0x08001fb0   Section        0  system_stm32f10x.o(i.SetSysClockTo72)
    SetSysClockTo72                          0x08001fb1   Thumb Code   214  system_stm32f10x.o(i.SetSysClockTo72)
    i.Set_Pwm                                0x08002090   Section        0  control.o(i.Set_Pwm)
    i.SysTick_CLKSourceConfig                0x08002104   Section        0  misc.o(i.SysTick_CLKSourceConfig)
    i.SysTick_Handler                        0x0800212c   Section        0  stm32f10x_it.o(i.SysTick_Handler)
    i.SystemInit                             0x08002130   Section        0  system_stm32f10x.o(i.SystemInit)
    i.TI1_Config                             0x08002190   Section        0  stm32f10x_tim.o(i.TI1_Config)
    TI1_Config                               0x08002191   Thumb Code   108  stm32f10x_tim.o(i.TI1_Config)
    i.TI2_Config                             0x08002210   Section        0  stm32f10x_tim.o(i.TI2_Config)
    TI2_Config                               0x08002211   Thumb Code   130  stm32f10x_tim.o(i.TI2_Config)
    i.TI3_Config                             0x080022a8   Section        0  stm32f10x_tim.o(i.TI3_Config)
    TI3_Config                               0x080022a9   Thumb Code   122  stm32f10x_tim.o(i.TI3_Config)
    i.TI4_Config                             0x08002338   Section        0  stm32f10x_tim.o(i.TI4_Config)
    TI4_Config                               0x08002339   Thumb Code   130  stm32f10x_tim.o(i.TI4_Config)
    i.TIM2_IRQHandler                        0x080023d0   Section        0  encoder.o(i.TIM2_IRQHandler)
    i.TIM4_IRQHandler                        0x080023e8   Section        0  encoder.o(i.TIM4_IRQHandler)
    i.TIM_ARRPreloadConfig                   0x08002400   Section        0  stm32f10x_tim.o(i.TIM_ARRPreloadConfig)
    i.TIM_ClearFlag                          0x08002418   Section        0  stm32f10x_tim.o(i.TIM_ClearFlag)
    i.TIM_Cmd                                0x0800241e   Section        0  stm32f10x_tim.o(i.TIM_Cmd)
    i.TIM_CtrlPWMOutputs                     0x08002436   Section        0  stm32f10x_tim.o(i.TIM_CtrlPWMOutputs)
    i.TIM_EncoderInterfaceConfig             0x08002454   Section        0  stm32f10x_tim.o(i.TIM_EncoderInterfaceConfig)
    i.TIM_ICInit                             0x08002498   Section        0  stm32f10x_tim.o(i.TIM_ICInit)
    i.TIM_ICStructInit                       0x08002544   Section        0  stm32f10x_tim.o(i.TIM_ICStructInit)
    i.TIM_ITConfig                           0x08002556   Section        0  stm32f10x_tim.o(i.TIM_ITConfig)
    i.TIM_OC1Init                            0x08002568   Section        0  stm32f10x_tim.o(i.TIM_OC1Init)
    i.TIM_OC1PreloadConfig                   0x08002600   Section        0  stm32f10x_tim.o(i.TIM_OC1PreloadConfig)
    i.TIM_OC4Init                            0x08002614   Section        0  stm32f10x_tim.o(i.TIM_OC4Init)
    i.TIM_OC4PreloadConfig                   0x08002690   Section        0  stm32f10x_tim.o(i.TIM_OC4PreloadConfig)
    i.TIM_SetCounter                         0x080026aa   Section        0  stm32f10x_tim.o(i.TIM_SetCounter)
    i.TIM_SetIC1Prescaler                    0x080026ae   Section        0  stm32f10x_tim.o(i.TIM_SetIC1Prescaler)
    i.TIM_SetIC2Prescaler                    0x080026c0   Section        0  stm32f10x_tim.o(i.TIM_SetIC2Prescaler)
    i.TIM_SetIC3Prescaler                    0x080026da   Section        0  stm32f10x_tim.o(i.TIM_SetIC3Prescaler)
    i.TIM_SetIC4Prescaler                    0x080026ec   Section        0  stm32f10x_tim.o(i.TIM_SetIC4Prescaler)
    i.TIM_TimeBaseInit                       0x08002708   Section        0  stm32f10x_tim.o(i.TIM_TimeBaseInit)
    i.TIM_TimeBaseStructInit                 0x080027ac   Section        0  stm32f10x_tim.o(i.TIM_TimeBaseStructInit)
    i.Tracking_Init                          0x080027c0   Section        0  tracking.o(i.Tracking_Init)
    i.Tracking_detection                     0x08002800   Section        0  tracking.o(i.Tracking_detection)
    i.USART3_IRQHandler                      0x0800288c   Section        0  stm32f10x_it.o(i.USART3_IRQHandler)
    i.USART_Cmd                              0x08002a94   Section        0  stm32f10x_usart.o(i.USART_Cmd)
    i.USART_GetITStatus                      0x08002aac   Section        0  stm32f10x_usart.o(i.USART_GetITStatus)
    i.USART_ITConfig                         0x08002b00   Section        0  stm32f10x_usart.o(i.USART_ITConfig)
    i.USART_Init                             0x08002b4c   Section        0  stm32f10x_usart.o(i.USART_Init)
    i.USART_ReceiveData                      0x08002c24   Section        0  stm32f10x_usart.o(i.USART_ReceiveData)
    i.UsageFault_Handler                     0x08002c2e   Section        0  stm32f10x_it.o(i.UsageFault_Handler)
    i.Xianfu_Pwm                             0x08002c34   Section        0  control.o(i.Xianfu_Pwm)
    i.__0printf$8                            0x08002c7c   Section        0  printf8.o(i.__0printf$8)
    i.__ARM_fpclassify                       0x08002c9c   Section        0  fpclassify.o(i.__ARM_fpclassify)
    i.__kernel_poly                          0x08002cc4   Section        0  poly.o(i.__kernel_poly)
    i.__mathlib_dbl_infnan                   0x08002d6e   Section        0  dunder.o(i.__mathlib_dbl_infnan)
    i.__mathlib_dbl_infnan2                  0x08002d74   Section        0  dunder.o(i.__mathlib_dbl_infnan2)
    i.__mathlib_dbl_invalid                  0x08002d78   Section        0  dunder.o(i.__mathlib_dbl_invalid)
    i.__mathlib_dbl_underflow                0x08002d84   Section        0  dunder.o(i.__mathlib_dbl_underflow)
    i.__scatterload_copy                     0x08002d94   Section       14  handlers.o(i.__scatterload_copy)
    i.__scatterload_null                     0x08002da2   Section        2  handlers.o(i.__scatterload_null)
    i.__scatterload_zeroinit                 0x08002da4   Section       14  handlers.o(i.__scatterload_zeroinit)
    i.__set_errno                            0x08002db4   Section        0  errno.o(i.__set_errno)
    i._printf_core                           0x08002dc0   Section        0  printf8.o(i._printf_core)
    _printf_core                             0x08002dc1   Thumb Code   996  printf8.o(i._printf_core)
    i._printf_post_padding                   0x080031d0   Section        0  printf8.o(i._printf_post_padding)
    _printf_post_padding                     0x080031d1   Thumb Code    36  printf8.o(i._printf_post_padding)
    i._printf_pre_padding                    0x080031f4   Section        0  printf8.o(i._printf_pre_padding)
    _printf_pre_padding                      0x080031f5   Thumb Code    46  printf8.o(i._printf_pre_padding)
    i.accel_self_test                        0x08003224   Section        0  inv_mpu.o(i.accel_self_test)
    accel_self_test                          0x08003225   Thumb Code   164  inv_mpu.o(i.accel_self_test)
    i.asin                                   0x080032cc   Section        0  asin.o(i.asin)
    i.atan                                   0x0800353c   Section        0  atan.o(i.atan)
    i.atan2                                  0x0800375c   Section        0  atan2.o(i.atan2)
    i.balance                                0x080038dc   Section        0  control.o(i.balance)
    i.decode_gesture                         0x08003928   Section        0  inv_mpu_dmp_motion_driver.o(i.decode_gesture)
    decode_gesture                           0x08003929   Thumb Code    94  inv_mpu_dmp_motion_driver.o(i.decode_gesture)
    i.delay_init                             0x0800398c   Section        0  delay.o(i.delay_init)
    i.delay_ms                               0x080039d0   Section        0  delay.o(i.delay_ms)
    i.delay_us                               0x08003a1c   Section        0  delay.o(i.delay_us)
    i.dmp_enable_6x_lp_quat                  0x08003a68   Section        0  inv_mpu_dmp_motion_driver.o(i.dmp_enable_6x_lp_quat)
    i.dmp_enable_feature                     0x08003aa4   Section        0  inv_mpu_dmp_motion_driver.o(i.dmp_enable_feature)
    i.dmp_enable_gyro_cal                    0x08003cc0   Section        0  inv_mpu_dmp_motion_driver.o(i.dmp_enable_gyro_cal)
    i.dmp_enable_lp_quat                     0x08003d18   Section        0  inv_mpu_dmp_motion_driver.o(i.dmp_enable_lp_quat)
    i.dmp_load_motion_driver_firmware        0x08003d54   Section        0  inv_mpu_dmp_motion_driver.o(i.dmp_load_motion_driver_firmware)
    i.dmp_read_fifo                          0x08003d6c   Section        0  inv_mpu_dmp_motion_driver.o(i.dmp_read_fifo)
    i.dmp_set_accel_bias                     0x08003f38   Section        0  inv_mpu_dmp_motion_driver.o(i.dmp_set_accel_bias)
    i.dmp_set_fifo_rate                      0x08004068   Section        0  inv_mpu_dmp_motion_driver.o(i.dmp_set_fifo_rate)
    i.dmp_set_gyro_bias                      0x080040d8   Section        0  inv_mpu_dmp_motion_driver.o(i.dmp_set_gyro_bias)
    i.dmp_set_orientation                    0x08004208   Section        0  inv_mpu_dmp_motion_driver.o(i.dmp_set_orientation)
    i.dmp_set_shake_reject_thresh            0x08004340   Section        0  inv_mpu_dmp_motion_driver.o(i.dmp_set_shake_reject_thresh)
    i.dmp_set_shake_reject_time              0x08004378   Section        0  inv_mpu_dmp_motion_driver.o(i.dmp_set_shake_reject_time)
    i.dmp_set_shake_reject_timeout           0x0800439e   Section        0  inv_mpu_dmp_motion_driver.o(i.dmp_set_shake_reject_timeout)
    i.dmp_set_tap_axes                       0x080043c4   Section        0  inv_mpu_dmp_motion_driver.o(i.dmp_set_tap_axes)
    i.dmp_set_tap_count                      0x0800440a   Section        0  inv_mpu_dmp_motion_driver.o(i.dmp_set_tap_count)
    i.dmp_set_tap_thresh                     0x08004430   Section        0  inv_mpu_dmp_motion_driver.o(i.dmp_set_tap_thresh)
    i.dmp_set_tap_time                       0x080045d0   Section        0  inv_mpu_dmp_motion_driver.o(i.dmp_set_tap_time)
    i.dmp_set_tap_time_multi                 0x080045f6   Section        0  inv_mpu_dmp_motion_driver.o(i.dmp_set_tap_time_multi)
    i.fputc                                  0x0800461c   Section        0  fputc.o(i.fputc)
    i.get_accel_prod_shift                   0x08004630   Section        0  inv_mpu.o(i.get_accel_prod_shift)
    get_accel_prod_shift                     0x08004631   Thumb Code   168  inv_mpu.o(i.get_accel_prod_shift)
    i.get_st_biases                          0x080046e4   Section        0  inv_mpu.o(i.get_st_biases)
    get_st_biases                            0x080046e5   Thumb Code  1132  inv_mpu.o(i.get_st_biases)
    i.gyro_self_test                         0x08004b54   Section        0  inv_mpu.o(i.gyro_self_test)
    gyro_self_test                           0x08004b55   Thumb Code   256  inv_mpu.o(i.gyro_self_test)
    i.inv_orientation_matrix_to_scalar       0x08004c64   Section        0  inv_mpu.o(i.inv_orientation_matrix_to_scalar)
    i.inv_row_2_scale                        0x08004c8c   Section        0  inv_mpu.o(i.inv_row_2_scale)
    i.main                                   0x08004cdc   Section        0  main.o(i.main)
    i.mget_ms                                0x08004de8   Section        0  inv_mpu.o(i.mget_ms)
    i.mpu_configure_fifo                     0x08004dec   Section        0  inv_mpu.o(i.mpu_configure_fifo)
    i.mpu_dmp_get_data                       0x08004e5c   Section        0  inv_mpu.o(i.mpu_dmp_get_data)
    i.mpu_dmp_init                           0x08005080   Section        0  inv_mpu.o(i.mpu_dmp_init)
    i.mpu_get_accel_fsr                      0x08005118   Section        0  inv_mpu.o(i.mpu_get_accel_fsr)
    i.mpu_get_accel_sens                     0x08005164   Section        0  inv_mpu.o(i.mpu_get_accel_sens)
    i.mpu_get_fifo_config                    0x080051b8   Section        0  inv_mpu.o(i.mpu_get_fifo_config)
    i.mpu_get_gyro_fsr                       0x080051c8   Section        0  inv_mpu.o(i.mpu_get_gyro_fsr)
    i.mpu_get_gyro_sens                      0x0800520c   Section        0  inv_mpu.o(i.mpu_get_gyro_sens)
    i.mpu_get_lpf                            0x0800525c   Section        0  inv_mpu.o(i.mpu_get_lpf)
    i.mpu_get_sample_rate                    0x080052ac   Section        0  inv_mpu.o(i.mpu_get_sample_rate)
    i.mpu_init                               0x080052cc   Section        0  inv_mpu.o(i.mpu_init)
    i.mpu_load_firmware                      0x080054bc   Section        0  inv_mpu.o(i.mpu_load_firmware)
    i.mpu_lp_accel_mode                      0x08005574   Section        0  inv_mpu.o(i.mpu_lp_accel_mode)
    i.mpu_read_fifo_stream                   0x08005654   Section        0  inv_mpu.o(i.mpu_read_fifo_stream)
    i.mpu_read_mem                           0x08005714   Section        0  inv_mpu.o(i.mpu_read_mem)
    i.mpu_reset_fifo                         0x08005794   Section        0  inv_mpu.o(i.mpu_reset_fifo)
    i.mpu_run_self_test                      0x0800595c   Section        0  inv_mpu.o(i.mpu_run_self_test)
    i.mpu_set_accel_fsr                      0x08005a78   Section        0  inv_mpu.o(i.mpu_set_accel_fsr)
    i.mpu_set_bypass                         0x08005afc   Section        0  inv_mpu.o(i.mpu_set_bypass)
    i.mpu_set_dmp_state                      0x08005c48   Section        0  inv_mpu.o(i.mpu_set_dmp_state)
    i.mpu_set_gyro_fsr                       0x08005cd8   Section        0  inv_mpu.o(i.mpu_set_gyro_fsr)
    i.mpu_set_int_latched                    0x08005d60   Section        0  inv_mpu.o(i.mpu_set_int_latched)
    i.mpu_set_lpf                            0x08005dcc   Section        0  inv_mpu.o(i.mpu_set_lpf)
    i.mpu_set_sample_rate                    0x08005e50   Section        0  inv_mpu.o(i.mpu_set_sample_rate)
    i.mpu_set_sensors                        0x08005eec   Section        0  inv_mpu.o(i.mpu_set_sensors)
    i.mpu_write_mem                          0x08005fbc   Section        0  inv_mpu.o(i.mpu_write_mem)
    i.myabs                                  0x0800603c   Section        0  control.o(i.myabs)
    i.run_self_test                          0x0800604a   Section        0  inv_mpu.o(i.run_self_test)
    i.set_int_enable                         0x080060e0   Section        0  inv_mpu.o(i.set_int_enable)
    set_int_enable                           0x080060e1   Thumb Code   138  inv_mpu.o(i.set_int_enable)
    i.sqrt                                   0x08006170   Section        0  sqrt.o(i.sqrt)
    i.turn                                   0x080061bc   Section        0  control.o(i.turn)
    i.uart3_init                             0x08006208   Section        0  usart.o(i.uart3_init)
    i.uart_init                              0x08006294   Section        0  usart.o(i.uart_init)
    i.velocity                               0x08006318   Section        0  control.o(i.velocity)
    .constdata                               0x08006430   Section     2072  oled.o(.constdata)
    .constdata                               0x08006c48   Section     3062  inv_mpu_dmp_motion_driver.o(.constdata)
    dmp_memory                               0x08006c48   Data        3062  inv_mpu_dmp_motion_driver.o(.constdata)
    .constdata                               0x08007840   Section       80  inv_mpu.o(.constdata)
    .constdata                               0x08007890   Section       80  asin.o(.constdata)
    pS                                       0x08007890   Data          48  asin.o(.constdata)
    qS                                       0x080078c0   Data          32  asin.o(.constdata)
    .constdata                               0x080078e0   Section      152  atan.o(.constdata)
    atanhi                                   0x080078e0   Data          32  atan.o(.constdata)
    atanlo                                   0x08007900   Data          32  atan.o(.constdata)
    aTodd                                    0x08007920   Data          40  atan.o(.constdata)
    aTeven                                   0x08007948   Data          48  atan.o(.constdata)
    .constdata                               0x08007978   Section        8  qnan.o(.constdata)
    .conststring                             0x08007980   Section       77  inv_mpu.o(.conststring)
    .data                                    0x20000000   Section       16  stm32f10x_it.o(.data)
    uart_receive                             0x2000000c   Data           4  stm32f10x_it.o(.data)
    .data                                    0x20000010   Section       20  system_stm32f10x.o(.data)
    .data                                    0x20000024   Section        4  delay.o(.data)
    fac_us                                   0x20000024   Data           1  delay.o(.data)
    fac_ms                                   0x20000026   Data           2  delay.o(.data)
    .data                                    0x20000028   Section       20  stm32f10x_rcc.o(.data)
    APBAHBPrescTable                         0x20000028   Data          16  stm32f10x_rcc.o(.data)
    ADCPrescTable                            0x20000038   Data           4  stm32f10x_rcc.o(.data)
    .data                                    0x2000003c   Section       53  inv_mpu.o(.data)
    st                                       0x2000003c   Data          44  inv_mpu.o(.data)
    gyro_orientation                         0x20000068   Data           9  inv_mpu.o(.data)
    .data                                    0x20000074   Section      112  control.o(.data)
    Velocity                                 0x200000cc   Data           4  control.o(.data)
    Encoder_Least                            0x200000d0   Data           4  control.o(.data)
    Encoder                                  0x200000d4   Data           4  control.o(.data)
    Movement                                 0x200000d8   Data           4  control.o(.data)
    Encoder_Integral                         0x200000dc   Data           4  control.o(.data)
    Target_Velocity                          0x200000e0   Data           4  control.o(.data)
    .data                                    0x200000e4   Section        4  stdout.o(.data)
    .data                                    0x200000e8   Section        4  errno.o(.data)
    _errno                                   0x200000e8   Data           4  errno.o(.data)
    .bss                                     0x200000ec   Section       16  inv_mpu_dmp_motion_driver.o(.bss)
    dmp                                      0x200000ec   Data          16  inv_mpu_dmp_motion_driver.o(.bss)
    STACK                                    0x20000100   Section     1024  startup_stm32f10x_md.o(STACK)

    Global Symbols

    Symbol Name                              Value     Ov Type        Size  Object(Section)

    BuildAttributes$$THM_ISAv4$P$D$K$B$S$PE$A:L22UL41UL21$X:L11$S22US41US21$IEEE1$IW$USESV6$~STKCKD$USESV7$~SHL$OTIME$ROPI$IEEEX$EBA8$MICROLIB$REQ8$PRES8$EABIv2 0x00000000   Number         0  anon$$obj.o ABSOLUTE
    __ARM_use_no_argv                        0x00000000   Number         0  main.o ABSOLUTE
    _printf_a                                0x00000000   Number         0  stubs.o ABSOLUTE
    _printf_c                                0x00000000   Number         0  stubs.o ABSOLUTE
    _printf_charcount                        0x00000000   Number         0  stubs.o ABSOLUTE
    _printf_d                                0x00000000   Number         0  stubs.o ABSOLUTE
    _printf_e                                0x00000000   Number         0  stubs.o ABSOLUTE
    _printf_f                                0x00000000   Number         0  stubs.o ABSOLUTE
    _printf_flags                            0x00000000   Number         0  stubs.o ABSOLUTE
    _printf_fp_dec                           0x00000000   Number         0  stubs.o ABSOLUTE
    _printf_fp_hex                           0x00000000   Number         0  stubs.o ABSOLUTE
    _printf_g                                0x00000000   Number         0  stubs.o ABSOLUTE
    _printf_i                                0x00000000   Number         0  stubs.o ABSOLUTE
    _printf_int_dec                          0x00000000   Number         0  stubs.o ABSOLUTE
    _printf_l                                0x00000000   Number         0  stubs.o ABSOLUTE
    _printf_lc                               0x00000000   Number         0  stubs.o ABSOLUTE
    _printf_ll                               0x00000000   Number         0  stubs.o ABSOLUTE
    _printf_lld                              0x00000000   Number         0  stubs.o ABSOLUTE
    _printf_lli                              0x00000000   Number         0  stubs.o ABSOLUTE
    _printf_llo                              0x00000000   Number         0  stubs.o ABSOLUTE
    _printf_llu                              0x00000000   Number         0  stubs.o ABSOLUTE
    _printf_llx                              0x00000000   Number         0  stubs.o ABSOLUTE
    _printf_longlong_dec                     0x00000000   Number         0  stubs.o ABSOLUTE
    _printf_longlong_hex                     0x00000000   Number         0  stubs.o ABSOLUTE
    _printf_longlong_oct                     0x00000000   Number         0  stubs.o ABSOLUTE
    _printf_ls                               0x00000000   Number         0  stubs.o ABSOLUTE
    _printf_mbtowc                           0x00000000   Number         0  stubs.o ABSOLUTE
    _printf_n                                0x00000000   Number         0  stubs.o ABSOLUTE
    _printf_o                                0x00000000   Number         0  stubs.o ABSOLUTE
    _printf_p                                0x00000000   Number         0  stubs.o ABSOLUTE
    _printf_percent                          0x00000000   Number         0  stubs.o ABSOLUTE
    _printf_pre_padding                      0x00000000   Number         0  stubs.o ABSOLUTE
    _printf_return_value                     0x00000000   Number         0  stubs.o ABSOLUTE
    _printf_s                                0x00000000   Number         0  stubs.o ABSOLUTE
    _printf_sizespec                         0x00000000   Number         0  stubs.o ABSOLUTE
    _printf_str                              0x00000000   Number         0  stubs.o ABSOLUTE
    _printf_truncate_signed                  0x00000000   Number         0  stubs.o ABSOLUTE
    _printf_truncate_unsigned                0x00000000   Number         0  stubs.o ABSOLUTE
    _printf_u                                0x00000000   Number         0  stubs.o ABSOLUTE
    _printf_wc                               0x00000000   Number         0  stubs.o ABSOLUTE
    _printf_wctomb                           0x00000000   Number         0  stubs.o ABSOLUTE
    _printf_widthprec                        0x00000000   Number         0  stubs.o ABSOLUTE
    _printf_x                                0x00000000   Number         0  stubs.o ABSOLUTE
    __cpp_initialize__aeabi_                  - Undefined Weak Reference
    __cxa_finalize                            - Undefined Weak Reference
    __decompress                              - Undefined Weak Reference
    _clock_init                               - Undefined Weak Reference
    _microlib_exit                            - Undefined Weak Reference
    __Vectors_Size                           0x000000ec   Number         0  startup_stm32f10x_md.o ABSOLUTE
    __Vectors                                0x08000000   Data           4  startup_stm32f10x_md.o(RESET)
    __Vectors_End                            0x080000ec   Data           0  startup_stm32f10x_md.o(RESET)
    __main                                   0x080000ed   Thumb Code     0  entry.o(.ARM.Collect$$$$00000000)
    _main_stk                                0x080000ed   Thumb Code     0  entry2.o(.ARM.Collect$$$$00000001)
    _main_scatterload                        0x080000f1   Thumb Code     0  entry5.o(.ARM.Collect$$$$00000004)
    __main_after_scatterload                 0x080000f5   Thumb Code     0  entry5.o(.ARM.Collect$$$$00000004)
    _main_clock                              0x080000f5   Thumb Code     0  entry7b.o(.ARM.Collect$$$$00000008)
    _main_cpp_init                           0x080000f5   Thumb Code     0  entry8b.o(.ARM.Collect$$$$0000000A)
    _main_init                               0x080000f5   Thumb Code     0  entry9a.o(.ARM.Collect$$$$0000000B)
    __rt_final_cpp                           0x080000fd   Thumb Code     0  entry10a.o(.ARM.Collect$$$$0000000D)
    __rt_final_exit                          0x080000fd   Thumb Code     0  entry11a.o(.ARM.Collect$$$$0000000F)
    Reset_Handler                            0x08000101   Thumb Code     8  startup_stm32f10x_md.o(.text)
    ADC1_2_IRQHandler                        0x0800011b   Thumb Code     0  startup_stm32f10x_md.o(.text)
    CAN1_RX1_IRQHandler                      0x0800011b   Thumb Code     0  startup_stm32f10x_md.o(.text)
    CAN1_SCE_IRQHandler                      0x0800011b   Thumb Code     0  startup_stm32f10x_md.o(.text)
    DMA1_Channel1_IRQHandler                 0x0800011b   Thumb Code     0  startup_stm32f10x_md.o(.text)
    DMA1_Channel2_IRQHandler                 0x0800011b   Thumb Code     0  startup_stm32f10x_md.o(.text)
    DMA1_Channel3_IRQHandler                 0x0800011b   Thumb Code     0  startup_stm32f10x_md.o(.text)
    DMA1_Channel4_IRQHandler                 0x0800011b   Thumb Code     0  startup_stm32f10x_md.o(.text)
    DMA1_Channel5_IRQHandler                 0x0800011b   Thumb Code     0  startup_stm32f10x_md.o(.text)
    DMA1_Channel6_IRQHandler                 0x0800011b   Thumb Code     0  startup_stm32f10x_md.o(.text)
    DMA1_Channel7_IRQHandler                 0x0800011b   Thumb Code     0  startup_stm32f10x_md.o(.text)
    EXTI0_IRQHandler                         0x0800011b   Thumb Code     0  startup_stm32f10x_md.o(.text)
    EXTI1_IRQHandler                         0x0800011b   Thumb Code     0  startup_stm32f10x_md.o(.text)
    EXTI2_IRQHandler                         0x0800011b   Thumb Code     0  startup_stm32f10x_md.o(.text)
    EXTI3_IRQHandler                         0x0800011b   Thumb Code     0  startup_stm32f10x_md.o(.text)
    EXTI4_IRQHandler                         0x0800011b   Thumb Code     0  startup_stm32f10x_md.o(.text)
    EXTI9_5_IRQHandler                       0x0800011b   Thumb Code     0  startup_stm32f10x_md.o(.text)
    FLASH_IRQHandler                         0x0800011b   Thumb Code     0  startup_stm32f10x_md.o(.text)
    I2C1_ER_IRQHandler                       0x0800011b   Thumb Code     0  startup_stm32f10x_md.o(.text)
    I2C1_EV_IRQHandler                       0x0800011b   Thumb Code     0  startup_stm32f10x_md.o(.text)
    I2C2_ER_IRQHandler                       0x0800011b   Thumb Code     0  startup_stm32f10x_md.o(.text)
    I2C2_EV_IRQHandler                       0x0800011b   Thumb Code     0  startup_stm32f10x_md.o(.text)
    PVD_IRQHandler                           0x0800011b   Thumb Code     0  startup_stm32f10x_md.o(.text)
    RCC_IRQHandler                           0x0800011b   Thumb Code     0  startup_stm32f10x_md.o(.text)
    RTCAlarm_IRQHandler                      0x0800011b   Thumb Code     0  startup_stm32f10x_md.o(.text)
    RTC_IRQHandler                           0x0800011b   Thumb Code     0  startup_stm32f10x_md.o(.text)
    SPI1_IRQHandler                          0x0800011b   Thumb Code     0  startup_stm32f10x_md.o(.text)
    SPI2_IRQHandler                          0x0800011b   Thumb Code     0  startup_stm32f10x_md.o(.text)
    TAMPER_IRQHandler                        0x0800011b   Thumb Code     0  startup_stm32f10x_md.o(.text)
    TIM1_BRK_IRQHandler                      0x0800011b   Thumb Code     0  startup_stm32f10x_md.o(.text)
    TIM1_CC_IRQHandler                       0x0800011b   Thumb Code     0  startup_stm32f10x_md.o(.text)
    TIM1_TRG_COM_IRQHandler                  0x0800011b   Thumb Code     0  startup_stm32f10x_md.o(.text)
    TIM1_UP_IRQHandler                       0x0800011b   Thumb Code     0  startup_stm32f10x_md.o(.text)
    TIM3_IRQHandler                          0x0800011b   Thumb Code     0  startup_stm32f10x_md.o(.text)
    USART1_IRQHandler                        0x0800011b   Thumb Code     0  startup_stm32f10x_md.o(.text)
    USART2_IRQHandler                        0x0800011b   Thumb Code     0  startup_stm32f10x_md.o(.text)
    USBWakeUp_IRQHandler                     0x0800011b   Thumb Code     0  startup_stm32f10x_md.o(.text)
    USB_HP_CAN1_TX_IRQHandler                0x0800011b   Thumb Code     0  startup_stm32f10x_md.o(.text)
    USB_LP_CAN1_RX0_IRQHandler               0x0800011b   Thumb Code     0  startup_stm32f10x_md.o(.text)
    WWDG_IRQHandler                          0x0800011b   Thumb Code     0  startup_stm32f10x_md.o(.text)
    __aeabi_ldivmod                          0x08000125   Thumb Code    98  ldiv.o(.text)
    __aeabi_memset                           0x08000187   Thumb Code    14  memseta.o(.text)
    __aeabi_memset4                          0x08000187   Thumb Code     0  memseta.o(.text)
    __aeabi_memset8                          0x08000187   Thumb Code     0  memseta.o(.text)
    __aeabi_memclr                           0x08000195   Thumb Code     4  memseta.o(.text)
    __aeabi_memclr4                          0x08000195   Thumb Code     0  memseta.o(.text)
    __aeabi_memclr8                          0x08000195   Thumb Code     0  memseta.o(.text)
    _memset$wrapper                          0x08000199   Thumb Code    18  memseta.o(.text)
    memcmp                                   0x080001ab   Thumb Code    26  memcmp.o(.text)
    __aeabi_fadd                             0x080001c5   Thumb Code   164  fadd.o(.text)
    __aeabi_fsub                             0x08000269   Thumb Code     6  fadd.o(.text)
    __aeabi_frsub                            0x0800026f   Thumb Code     6  fadd.o(.text)
    __aeabi_fmul                             0x08000275   Thumb Code   100  fmul.o(.text)
    __aeabi_fdiv                             0x080002d9   Thumb Code   124  fdiv.o(.text)
    __aeabi_dadd                             0x08000355   Thumb Code   322  dadd.o(.text)
    __aeabi_dsub                             0x08000497   Thumb Code     6  dadd.o(.text)
    __aeabi_drsub                            0x0800049d   Thumb Code     6  dadd.o(.text)
    __aeabi_dmul                             0x080004a3   Thumb Code   228  dmul.o(.text)
    __aeabi_ddiv                             0x08000587   Thumb Code   222  ddiv.o(.text)
    __aeabi_i2f                              0x08000665   Thumb Code    18  fflti.o(.text)
    __aeabi_ui2f                             0x08000677   Thumb Code    10  ffltui.o(.text)
    __aeabi_i2d                              0x08000681   Thumb Code    34  dflti.o(.text)
    __aeabi_ui2d                             0x080006a3   Thumb Code    26  dfltui.o(.text)
    __aeabi_f2iz                             0x080006bd   Thumb Code    50  ffixi.o(.text)
    __aeabi_f2uiz                            0x080006ef   Thumb Code    40  ffixui.o(.text)
    __aeabi_d2iz                             0x08000717   Thumb Code    62  dfixi.o(.text)
    __aeabi_d2uiz                            0x08000755   Thumb Code    50  dfixui.o(.text)
    __aeabi_f2d                              0x08000787   Thumb Code    38  f2d.o(.text)
    __aeabi_cdcmpeq                          0x080007ad   Thumb Code     0  cdcmple.o(.text)
    __aeabi_cdcmple                          0x080007ad   Thumb Code    48  cdcmple.o(.text)
    __aeabi_d2f                              0x080007dd   Thumb Code    56  d2f.o(.text)
    __aeabi_cfcmpeq                          0x08000815   Thumb Code     0  cfcmple.o(.text)
    __aeabi_cfcmple                          0x08000815   Thumb Code    20  cfcmple.o(.text)
    __aeabi_cfrcmple                         0x08000829   Thumb Code    20  cfrcmple.o(.text)
    __aeabi_uldivmod                         0x0800083d   Thumb Code    98  uldiv.o(.text)
    __aeabi_llsl                             0x0800089f   Thumb Code    30  llshl.o(.text)
    _ll_shift_l                              0x0800089f   Thumb Code     0  llshl.o(.text)
    __aeabi_llsr                             0x080008bd   Thumb Code    32  llushr.o(.text)
    _ll_ushift_r                             0x080008bd   Thumb Code     0  llushr.o(.text)
    __aeabi_lasr                             0x080008dd   Thumb Code    36  llsshr.o(.text)
    _ll_sshift_r                             0x080008dd   Thumb Code     0  llsshr.o(.text)
    __I$use$fp                               0x08000901   Thumb Code     0  iusefp.o(.text)
    _float_round                             0x08000901   Thumb Code    18  fepilogue.o(.text)
    _float_epilogue                          0x08000913   Thumb Code    92  fepilogue.o(.text)
    _double_round                            0x0800096f   Thumb Code    30  depilogue.o(.text)
    _double_epilogue                         0x0800098d   Thumb Code   156  depilogue.o(.text)
    __ARM_scalbn                             0x08000a29   Thumb Code    46  dscalb.o(.text)
    scalbn                                   0x08000a29   Thumb Code     0  dscalb.o(.text)
    __scatterload                            0x08000a59   Thumb Code    28  init.o(.text)
    __scatterload_rt2                        0x08000a59   Thumb Code     0  init.o(.text)
    __I$use$semihosting$fputc                0x08000a7d   Thumb Code     0  iusesemip.o(.text)
    __semihosting_library_function           0x08000a7d   Thumb Code     0  semi.o(.text)
    _dsqrt                                   0x08000a7d   Thumb Code   162  dsqrt.o(.text)
    BusFault_Handler                         0x08000b1f   Thumb Code     4  stm32f10x_it.o(i.BusFault_Handler)
    DebugMon_Handler                         0x08000b23   Thumb Code     2  stm32f10x_it.o(i.DebugMon_Handler)
    EXTI15_10_IRQHandler                     0x08000b25   Thumb Code   474  control.o(i.EXTI15_10_IRQHandler)
    EXTI_ClearITPendingBit                   0x08000d65   Thumb Code     6  stm32f10x_exti.o(i.EXTI_ClearITPendingBit)
    EXTI_GetITStatus                         0x08000d71   Thumb Code    34  stm32f10x_exti.o(i.EXTI_GetITStatus)
    EXTI_Init                                0x08000d99   Thumb Code   142  stm32f10x_exti.o(i.EXTI_Init)
    Encoder_TIM2_Init                        0x08000e2d   Thumb Code   154  encoder.o(i.Encoder_TIM2_Init)
    Encoder_TIM4_Init                        0x08000ecd   Thumb Code   148  encoder.o(i.Encoder_TIM4_Init)
    GPIO_EXTILineConfig                      0x08000f69   Thumb Code    60  stm32f10x_gpio.o(i.GPIO_EXTILineConfig)
    GPIO_Init                                0x08000fa9   Thumb Code   278  stm32f10x_gpio.o(i.GPIO_Init)
    GPIO_PinRemapConfig                      0x080010c1   Thumb Code   138  stm32f10x_gpio.o(i.GPIO_PinRemapConfig)
    GPIO_ReadInputDataBit                    0x08001151   Thumb Code    18  stm32f10x_gpio.o(i.GPIO_ReadInputDataBit)
    GPIO_ResetBits                           0x08001163   Thumb Code     4  stm32f10x_gpio.o(i.GPIO_ResetBits)
    GPIO_SetBits                             0x08001167   Thumb Code     4  stm32f10x_gpio.o(i.GPIO_SetBits)
    HardFault_Handler                        0x0800116b   Thumb Code     4  stm32f10x_it.o(i.HardFault_Handler)
    MPU6050_EXTI_Init                        0x08001171   Thumb Code    80  exti.o(i.MPU6050_EXTI_Init)
    MPU_Get_Accelerometer                    0x080011c5   Thumb Code    80  mpu6050.o(i.MPU_Get_Accelerometer)
    MPU_Get_Gyroscope                        0x08001215   Thumb Code    80  mpu6050.o(i.MPU_Get_Gyroscope)
    MPU_IIC_Ack                              0x08001265   Thumb Code    62  mpuiic.o(i.MPU_IIC_Ack)
    MPU_IIC_Delay                            0x080012b1   Thumb Code    10  mpuiic.o(i.MPU_IIC_Delay)
    MPU_IIC_Init                             0x080012bd   Thumb Code    40  mpuiic.o(i.MPU_IIC_Init)
    MPU_IIC_NAck                             0x080012e9   Thumb Code    62  mpuiic.o(i.MPU_IIC_NAck)
    MPU_IIC_Read_Byte                        0x08001335   Thumb Code    94  mpuiic.o(i.MPU_IIC_Read_Byte)
    MPU_IIC_Send_Byte                        0x080013a1   Thumb Code    80  mpuiic.o(i.MPU_IIC_Send_Byte)
    MPU_IIC_Start                            0x080013fd   Thumb Code    60  mpuiic.o(i.MPU_IIC_Start)
    MPU_IIC_Stop                             0x08001445   Thumb Code    58  mpuiic.o(i.MPU_IIC_Stop)
    MPU_IIC_Wait_Ack                         0x0800148d   Thumb Code    86  mpuiic.o(i.MPU_IIC_Wait_Ack)
    MPU_Init                                 0x080014f1   Thumb Code   122  mpu6050.o(i.MPU_Init)
    MPU_Read_Byte                            0x0800156b   Thumb Code    58  mpu6050.o(i.MPU_Read_Byte)
    MPU_Read_Len                             0x080015a5   Thumb Code   116  mpu6050.o(i.MPU_Read_Len)
    MPU_Set_Accel_Fsr                        0x08001619   Thumb Code    16  mpu6050.o(i.MPU_Set_Accel_Fsr)
    MPU_Set_Gyro_Fsr                         0x08001629   Thumb Code    16  mpu6050.o(i.MPU_Set_Gyro_Fsr)
    MPU_Set_LPF                              0x08001639   Thumb Code    58  mpu6050.o(i.MPU_Set_LPF)
    MPU_Set_Rate                             0x08001673   Thumb Code    58  mpu6050.o(i.MPU_Set_Rate)
    MPU_Write_Byte                           0x080016ad   Thumb Code    68  mpu6050.o(i.MPU_Write_Byte)
    MPU_Write_Len                            0x080016f1   Thumb Code    96  mpu6050.o(i.MPU_Write_Len)
    MemManage_Handler                        0x08001751   Thumb Code     4  stm32f10x_it.o(i.MemManage_Handler)
    Motor_Init                               0x08001755   Thumb Code    40  pwm.o(i.Motor_Init)
    NMI_Handler                              0x08001781   Thumb Code     2  stm32f10x_it.o(i.NMI_Handler)
    NVIC_Config                              0x08001783   Thumb Code    70  exti.o(i.NVIC_Config)
    NVIC_Init                                0x080017c9   Thumb Code   100  misc.o(i.NVIC_Init)
    NVIC_PriorityGroupConfig                 0x08001839   Thumb Code    10  misc.o(i.NVIC_PriorityGroupConfig)
    OLED_Clear                               0x0800184d   Thumb Code    62  oled.o(i.OLED_Clear)
    OLED_Float                               0x0800188d   Thumb Code   442  oled.o(i.OLED_Float)
    OLED_IIC_Start                           0x08001a4d   Thumb Code    36  oled.o(i.OLED_IIC_Start)
    OLED_IIC_Stop                            0x08001a75   Thumb Code    28  oled.o(i.OLED_IIC_Stop)
    OLED_IIC_Wait_Ack                        0x08001a95   Thumb Code    20  oled.o(i.OLED_IIC_Wait_Ack)
    OLED_Init                                0x08001aad   Thumb Code   278  oled.o(i.OLED_Init)
    OLED_Set_Pos                             0x08001bcd   Thumb Code    40  oled.o(i.OLED_Set_Pos)
    OLED_ShowChar                            0x08001bf5   Thumb Code   154  oled.o(i.OLED_ShowChar)
    OLED_ShowString                          0x08001c99   Thumb Code    54  oled.o(i.OLED_ShowString)
    OLED_WR_Byte                             0x08001ccf   Thumb Code    24  oled.o(i.OLED_WR_Byte)
    OLED_Write_IIC_Byte                      0x08001ce9   Thumb Code    80  oled.o(i.OLED_Write_IIC_Byte)
    OLED_Write_IIC_Command                   0x08001d3d   Thumb Code    44  oled.o(i.OLED_Write_IIC_Command)
    OLED_Write_IIC_Data                      0x08001d69   Thumb Code    44  oled.o(i.OLED_Write_IIC_Data)
    PWM_Init_TIM1                            0x08001d95   Thumb Code   160  pwm.o(i.PWM_Init_TIM1)
    PendSV_Handler                           0x08001e3d   Thumb Code     2  stm32f10x_it.o(i.PendSV_Handler)
    RCC_APB1PeriphClockCmd                   0x08001e41   Thumb Code    26  stm32f10x_rcc.o(i.RCC_APB1PeriphClockCmd)
    RCC_APB2PeriphClockCmd                   0x08001e61   Thumb Code    26  stm32f10x_rcc.o(i.RCC_APB2PeriphClockCmd)
    RCC_GetClocksFreq                        0x08001e81   Thumb Code   192  stm32f10x_rcc.o(i.RCC_GetClocksFreq)
    Read_Encoder                             0x08001f55   Thumb Code    70  encoder.o(i.Read_Encoder)
    SVC_Handler                              0x08001fa5   Thumb Code     2  stm32f10x_it.o(i.SVC_Handler)
    Set_Pwm                                  0x08002091   Thumb Code   102  control.o(i.Set_Pwm)
    SysTick_CLKSourceConfig                  0x08002105   Thumb Code    40  misc.o(i.SysTick_CLKSourceConfig)
    SysTick_Handler                          0x0800212d   Thumb Code     2  stm32f10x_it.o(i.SysTick_Handler)
    SystemInit                               0x08002131   Thumb Code    78  system_stm32f10x.o(i.SystemInit)
    TIM2_IRQHandler                          0x080023d1   Thumb Code    24  encoder.o(i.TIM2_IRQHandler)
    TIM4_IRQHandler                          0x080023e9   Thumb Code    18  encoder.o(i.TIM4_IRQHandler)
    TIM_ARRPreloadConfig                     0x08002401   Thumb Code    24  stm32f10x_tim.o(i.TIM_ARRPreloadConfig)
    TIM_ClearFlag                            0x08002419   Thumb Code     6  stm32f10x_tim.o(i.TIM_ClearFlag)
    TIM_Cmd                                  0x0800241f   Thumb Code    24  stm32f10x_tim.o(i.TIM_Cmd)
    TIM_CtrlPWMOutputs                       0x08002437   Thumb Code    30  stm32f10x_tim.o(i.TIM_CtrlPWMOutputs)
    TIM_EncoderInterfaceConfig               0x08002455   Thumb Code    66  stm32f10x_tim.o(i.TIM_EncoderInterfaceConfig)
    TIM_ICInit                               0x08002499   Thumb Code   150  stm32f10x_tim.o(i.TIM_ICInit)
    TIM_ICStructInit                         0x08002545   Thumb Code    18  stm32f10x_tim.o(i.TIM_ICStructInit)
    TIM_ITConfig                             0x08002557   Thumb Code    18  stm32f10x_tim.o(i.TIM_ITConfig)
    TIM_OC1Init                              0x08002569   Thumb Code   132  stm32f10x_tim.o(i.TIM_OC1Init)
    TIM_OC1PreloadConfig                     0x08002601   Thumb Code    18  stm32f10x_tim.o(i.TIM_OC1PreloadConfig)
    TIM_OC4Init                              0x08002615   Thumb Code   114  stm32f10x_tim.o(i.TIM_OC4Init)
    TIM_OC4PreloadConfig                     0x08002691   Thumb Code    26  stm32f10x_tim.o(i.TIM_OC4PreloadConfig)
    TIM_SetCounter                           0x080026ab   Thumb Code     4  stm32f10x_tim.o(i.TIM_SetCounter)
    TIM_SetIC1Prescaler                      0x080026af   Thumb Code    18  stm32f10x_tim.o(i.TIM_SetIC1Prescaler)
    TIM_SetIC2Prescaler                      0x080026c1   Thumb Code    26  stm32f10x_tim.o(i.TIM_SetIC2Prescaler)
    TIM_SetIC3Prescaler                      0x080026db   Thumb Code    18  stm32f10x_tim.o(i.TIM_SetIC3Prescaler)
    TIM_SetIC4Prescaler                      0x080026ed   Thumb Code    26  stm32f10x_tim.o(i.TIM_SetIC4Prescaler)
    TIM_TimeBaseInit                         0x08002709   Thumb Code   122  stm32f10x_tim.o(i.TIM_TimeBaseInit)
    TIM_TimeBaseStructInit                   0x080027ad   Thumb Code    18  stm32f10x_tim.o(i.TIM_TimeBaseStructInit)
    Tracking_Init                            0x080027c1   Thumb Code    54  tracking.o(i.Tracking_Init)
    Tracking_detection                       0x08002801   Thumb Code   122  tracking.o(i.Tracking_detection)
    USART3_IRQHandler                        0x0800288d   Thumb Code   488  stm32f10x_it.o(i.USART3_IRQHandler)
    USART_Cmd                                0x08002a95   Thumb Code    24  stm32f10x_usart.o(i.USART_Cmd)
    USART_GetITStatus                        0x08002aad   Thumb Code    84  stm32f10x_usart.o(i.USART_GetITStatus)
    USART_ITConfig                           0x08002b01   Thumb Code    74  stm32f10x_usart.o(i.USART_ITConfig)
    USART_Init                               0x08002b4d   Thumb Code   210  stm32f10x_usart.o(i.USART_Init)
    USART_ReceiveData                        0x08002c25   Thumb Code    10  stm32f10x_usart.o(i.USART_ReceiveData)
    UsageFault_Handler                       0x08002c2f   Thumb Code     4  stm32f10x_it.o(i.UsageFault_Handler)
    Xianfu_Pwm                               0x08002c35   Thumb Code    62  control.o(i.Xianfu_Pwm)
    __0printf$8                              0x08002c7d   Thumb Code    22  printf8.o(i.__0printf$8)
    __1printf$8                              0x08002c7d   Thumb Code     0  printf8.o(i.__0printf$8)
    __2printf                                0x08002c7d   Thumb Code     0  printf8.o(i.__0printf$8)
    __ARM_fpclassify                         0x08002c9d   Thumb Code    40  fpclassify.o(i.__ARM_fpclassify)
    __kernel_poly                            0x08002cc5   Thumb Code   170  poly.o(i.__kernel_poly)
    __mathlib_dbl_infnan                     0x08002d6f   Thumb Code     6  dunder.o(i.__mathlib_dbl_infnan)
    __mathlib_dbl_infnan2                    0x08002d75   Thumb Code     4  dunder.o(i.__mathlib_dbl_infnan2)
    __mathlib_dbl_invalid                    0x08002d79   Thumb Code    12  dunder.o(i.__mathlib_dbl_invalid)
    __mathlib_dbl_underflow                  0x08002d85   Thumb Code    10  dunder.o(i.__mathlib_dbl_underflow)
    __scatterload_copy                       0x08002d95   Thumb Code    14  handlers.o(i.__scatterload_copy)
    __scatterload_null                       0x08002da3   Thumb Code     2  handlers.o(i.__scatterload_null)
    __scatterload_zeroinit                   0x08002da5   Thumb Code    14  handlers.o(i.__scatterload_zeroinit)
    __set_errno                              0x08002db5   Thumb Code     6  errno.o(i.__set_errno)
    asin                                     0x080032cd   Thumb Code   572  asin.o(i.asin)
    atan                                     0x0800353d   Thumb Code   474  atan.o(i.atan)
    atan2                                    0x0800375d   Thumb Code   346  atan2.o(i.atan2)
    balance                                  0x080038dd   Thumb Code    64  control.o(i.balance)
    delay_init                               0x0800398d   Thumb Code    50  delay.o(i.delay_init)
    delay_ms                                 0x080039d1   Thumb Code    72  delay.o(i.delay_ms)
    delay_us                                 0x08003a1d   Thumb Code    72  delay.o(i.delay_us)
    dmp_enable_6x_lp_quat                    0x08003a69   Thumb Code    60  inv_mpu_dmp_motion_driver.o(i.dmp_enable_6x_lp_quat)
    dmp_enable_feature                       0x08003aa5   Thumb Code   530  inv_mpu_dmp_motion_driver.o(i.dmp_enable_feature)
    dmp_enable_gyro_cal                      0x08003cc1   Thumb Code    62  inv_mpu_dmp_motion_driver.o(i.dmp_enable_gyro_cal)
    dmp_enable_lp_quat                       0x08003d19   Thumb Code    60  inv_mpu_dmp_motion_driver.o(i.dmp_enable_lp_quat)
    dmp_load_motion_driver_firmware          0x08003d55   Thumb Code    20  inv_mpu_dmp_motion_driver.o(i.dmp_load_motion_driver_firmware)
    dmp_read_fifo                            0x08003d6d   Thumb Code   456  inv_mpu_dmp_motion_driver.o(i.dmp_read_fifo)
    dmp_set_accel_bias                       0x08003f39   Thumb Code   300  inv_mpu_dmp_motion_driver.o(i.dmp_set_accel_bias)
    dmp_set_fifo_rate                        0x08004069   Thumb Code    96  inv_mpu_dmp_motion_driver.o(i.dmp_set_fifo_rate)
    dmp_set_gyro_bias                        0x080040d9   Thumb Code   294  inv_mpu_dmp_motion_driver.o(i.dmp_set_gyro_bias)
    dmp_set_orientation                      0x08004209   Thumb Code   290  inv_mpu_dmp_motion_driver.o(i.dmp_set_orientation)
    dmp_set_shake_reject_thresh              0x08004341   Thumb Code    56  inv_mpu_dmp_motion_driver.o(i.dmp_set_shake_reject_thresh)
    dmp_set_shake_reject_time                0x08004379   Thumb Code    38  inv_mpu_dmp_motion_driver.o(i.dmp_set_shake_reject_time)
    dmp_set_shake_reject_timeout             0x0800439f   Thumb Code    38  inv_mpu_dmp_motion_driver.o(i.dmp_set_shake_reject_timeout)
    dmp_set_tap_axes                         0x080043c5   Thumb Code    70  inv_mpu_dmp_motion_driver.o(i.dmp_set_tap_axes)
    dmp_set_tap_count                        0x0800440b   Thumb Code    38  inv_mpu_dmp_motion_driver.o(i.dmp_set_tap_count)
    dmp_set_tap_thresh                       0x08004431   Thumb Code   396  inv_mpu_dmp_motion_driver.o(i.dmp_set_tap_thresh)
    dmp_set_tap_time                         0x080045d1   Thumb Code    38  inv_mpu_dmp_motion_driver.o(i.dmp_set_tap_time)
    dmp_set_tap_time_multi                   0x080045f7   Thumb Code    38  inv_mpu_dmp_motion_driver.o(i.dmp_set_tap_time_multi)
    fputc                                    0x0800461d   Thumb Code    18  fputc.o(i.fputc)
    inv_orientation_matrix_to_scalar         0x08004c65   Thumb Code    40  inv_mpu.o(i.inv_orientation_matrix_to_scalar)
    inv_row_2_scale                          0x08004c8d   Thumb Code    78  inv_mpu.o(i.inv_row_2_scale)
    main                                     0x08004cdd   Thumb Code   248  main.o(i.main)
    mget_ms                                  0x08004de9   Thumb Code     2  inv_mpu.o(i.mget_ms)
    mpu_configure_fifo                       0x08004ded   Thumb Code   106  inv_mpu.o(i.mpu_configure_fifo)
    mpu_dmp_get_data                         0x08004e5d   Thumb Code   544  inv_mpu.o(i.mpu_dmp_get_data)
    mpu_dmp_init                             0x08005081   Thumb Code   148  inv_mpu.o(i.mpu_dmp_init)
    mpu_get_accel_fsr                        0x08005119   Thumb Code    72  inv_mpu.o(i.mpu_get_accel_fsr)
    mpu_get_accel_sens                       0x08005165   Thumb Code    78  inv_mpu.o(i.mpu_get_accel_sens)
    mpu_get_fifo_config                      0x080051b9   Thumb Code    12  inv_mpu.o(i.mpu_get_fifo_config)
    mpu_get_gyro_fsr                         0x080051c9   Thumb Code    64  inv_mpu.o(i.mpu_get_gyro_fsr)
    mpu_get_gyro_sens                        0x0800520d   Thumb Code    58  inv_mpu.o(i.mpu_get_gyro_sens)
    mpu_get_lpf                              0x0800525d   Thumb Code    74  inv_mpu.o(i.mpu_get_lpf)
    mpu_get_sample_rate                      0x080052ad   Thumb Code    26  inv_mpu.o(i.mpu_get_sample_rate)
    mpu_init                                 0x080052cd   Thumb Code   416  inv_mpu.o(i.mpu_init)
    mpu_load_firmware                        0x080054bd   Thumb Code   180  inv_mpu.o(i.mpu_load_firmware)
    mpu_lp_accel_mode                        0x08005575   Thumb Code   218  inv_mpu.o(i.mpu_lp_accel_mode)
    mpu_read_fifo_stream                     0x08005655   Thumb Code   186  inv_mpu.o(i.mpu_read_fifo_stream)
    mpu_read_mem                             0x08005715   Thumb Code   122  inv_mpu.o(i.mpu_read_mem)
    mpu_reset_fifo                           0x08005795   Thumb Code   450  inv_mpu.o(i.mpu_reset_fifo)
    mpu_run_self_test                        0x0800595d   Thumb Code   278  inv_mpu.o(i.mpu_run_self_test)
    mpu_set_accel_fsr                        0x08005a79   Thumb Code   126  inv_mpu.o(i.mpu_set_accel_fsr)
    mpu_set_bypass                           0x08005afd   Thumb Code   328  inv_mpu.o(i.mpu_set_bypass)
    mpu_set_dmp_state                        0x08005c49   Thumb Code   138  inv_mpu.o(i.mpu_set_dmp_state)
    mpu_set_gyro_fsr                         0x08005cd9   Thumb Code   132  inv_mpu.o(i.mpu_set_gyro_fsr)
    mpu_set_int_latched                      0x08005d61   Thumb Code   102  inv_mpu.o(i.mpu_set_int_latched)
    mpu_set_lpf                              0x08005dcd   Thumb Code   126  inv_mpu.o(i.mpu_set_lpf)
    mpu_set_sample_rate                      0x08005e51   Thumb Code   152  inv_mpu.o(i.mpu_set_sample_rate)
    mpu_set_sensors                          0x08005eed   Thumb Code   202  inv_mpu.o(i.mpu_set_sensors)
    mpu_write_mem                            0x08005fbd   Thumb Code   122  inv_mpu.o(i.mpu_write_mem)
    myabs                                    0x0800603d   Thumb Code    14  control.o(i.myabs)
    run_self_test                            0x0800604b   Thumb Code   148  inv_mpu.o(i.run_self_test)
    sqrt                                     0x08006171   Thumb Code    76  sqrt.o(i.sqrt)
    turn                                     0x080061bd   Thumb Code    64  control.o(i.turn)
    uart3_init                               0x08006209   Thumb Code   130  usart.o(i.uart3_init)
    uart_init                                0x08006295   Thumb Code   124  usart.o(i.uart_init)
    velocity                                 0x08006319   Thumb Code   228  control.o(i.velocity)
    F6x8                                     0x08006430   Data         552  oled.o(.constdata)
    F8X16                                    0x08006658   Data        1520  oled.o(.constdata)
    reg                                      0x08007840   Data          27  inv_mpu.o(.constdata)
    hw                                       0x0800785c   Data          12  inv_mpu.o(.constdata)
    test                                     0x08007868   Data          40  inv_mpu.o(.constdata)
    __mathlib_zero                           0x08007978   Data           8  qnan.o(.constdata)
    Region$$Table$$Base                      0x080079d0   Number         0  anon$$obj.o(Region$$Table)
    Region$$Table$$Limit                     0x080079f0   Number         0  anon$$obj.o(Region$$Table)
    Flag_Qian                                0x20000000   Data           1  stm32f10x_it.o(.data)
    Flag_Hou                                 0x20000001   Data           1  stm32f10x_it.o(.data)
    Flag_Left                                0x20000002   Data           1  stm32f10x_it.o(.data)
    Flag_Right                               0x20000003   Data           1  stm32f10x_it.o(.data)
    Flag_sudu                                0x20000004   Data           1  stm32f10x_it.o(.data)
    Flag_Stop                                0x20000005   Data           1  stm32f10x_it.o(.data)
    Flag_Show                                0x20000006   Data           1  stm32f10x_it.o(.data)
    Usart3_Receive                           0x20000007   Data           1  stm32f10x_it.o(.data)
    uart_receive                             0x20000008   Data           1  stm32f10x_it.o(.data)
    SystemCoreClock                          0x20000010   Data           4  system_stm32f10x.o(.data)
    AHBPrescTable                            0x20000014   Data          16  system_stm32f10x.o(.data)
    Pitch                                    0x20000074   Data           4  control.o(.data)
    Roll                                     0x20000078   Data           4  control.o(.data)
    Yaw                                      0x2000007c   Data           4  control.o(.data)
    gyrox                                    0x20000080   Data           2  control.o(.data)
    gyroy                                    0x20000082   Data           2  control.o(.data)
    gyroz                                    0x20000084   Data           2  control.o(.data)
    aacx                                     0x20000086   Data           2  control.o(.data)
    aacy                                     0x20000088   Data           2  control.o(.data)
    aacz                                     0x2000008a   Data           2  control.o(.data)
    Encoder_Left                             0x2000008c   Data           4  control.o(.data)
    Encoder_Right                            0x20000090   Data           4  control.o(.data)
    Balance_Pwm                              0x20000094   Data           4  control.o(.data)
    Velocity_Pwm                             0x20000098   Data           4  control.o(.data)
    Turn_Pwm                                 0x2000009c   Data           4  control.o(.data)
    Moto1                                    0x200000a0   Data           4  control.o(.data)
    Moto2                                    0x200000a4   Data           4  control.o(.data)
    Target_Speed                             0x200000a8   Data           4  control.o(.data)
    Turn_Speed                               0x200000ac   Data           4  control.o(.data)
    ZHONGZHI                                 0x200000b0   Data           4  control.o(.data)
    Balance_Kp                               0x200000b4   Data           4  control.o(.data)
    Balance_Kd                               0x200000b8   Data           4  control.o(.data)
    Velocity_Kp                              0x200000bc   Data           4  control.o(.data)
    Velocity_Ki                              0x200000c0   Data           4  control.o(.data)
    Turn_Kd                                  0x200000c4   Data           4  control.o(.data)
    Turn_Kp                                  0x200000c8   Data           4  control.o(.data)
    __stdout                                 0x200000e4   Data           4  stdout.o(.data)
    __initial_sp                             0x20000500   Data           0  startup_stm32f10x_md.o(STACK)



==============================================================================

Memory Map of the image

  Image Entry point : 0x08000101

  Load Region LR_1 (Base: 0x08000000, Size: 0x00007adc, Max: 0xffffffff, ABSOLUTE)

    Execution Region ER_RO (Base: 0x08000000, Size: 0x000079f0, Max: 0xffffffff, ABSOLUTE)

    Base Addr    Size         Type   Attr      Idx    E Section Name        Object

    0x08000000   0x000000ec   Data   RO          378    RESET               startup_stm32f10x_md.o
    0x080000ec   0x00000000   Code   RO         3479  * .ARM.Collect$$$$00000000  mc_w.l(entry.o)
    0x080000ec   0x00000004   Code   RO         3824    .ARM.Collect$$$$00000001  mc_w.l(entry2.o)
    0x080000f0   0x00000004   Code   RO         3827    .ARM.Collect$$$$00000004  mc_w.l(entry5.o)
    0x080000f4   0x00000000   Code   RO         3829    .ARM.Collect$$$$00000008  mc_w.l(entry7b.o)
    0x080000f4   0x00000000   Code   RO         3831    .ARM.Collect$$$$0000000A  mc_w.l(entry8b.o)
    0x080000f4   0x00000008   Code   RO         3832    .ARM.Collect$$$$0000000B  mc_w.l(entry9a.o)
    0x080000fc   0x00000000   Code   RO         3834    .ARM.Collect$$$$0000000D  mc_w.l(entry10a.o)
    0x080000fc   0x00000000   Code   RO         3836    .ARM.Collect$$$$0000000F  mc_w.l(entry11a.o)
    0x080000fc   0x00000004   Code   RO         3825    .ARM.Collect$$$$00002712  mc_w.l(entry2.o)
    0x08000100   0x00000024   Code   RO          379  * .text               startup_stm32f10x_md.o
    0x08000124   0x00000062   Code   RO         3482    .text               mc_w.l(ldiv.o)
    0x08000186   0x00000024   Code   RO         3484    .text               mc_w.l(memseta.o)
    0x080001aa   0x0000001a   Code   RO         3486    .text               mc_w.l(memcmp.o)
    0x080001c4   0x000000b0   Code   RO         3749    .text               mf_w.l(fadd.o)
    0x08000274   0x00000064   Code   RO         3751    .text               mf_w.l(fmul.o)
    0x080002d8   0x0000007c   Code   RO         3753    .text               mf_w.l(fdiv.o)
    0x08000354   0x0000014e   Code   RO         3755    .text               mf_w.l(dadd.o)
    0x080004a2   0x000000e4   Code   RO         3757    .text               mf_w.l(dmul.o)
    0x08000586   0x000000de   Code   RO         3759    .text               mf_w.l(ddiv.o)
    0x08000664   0x00000012   Code   RO         3761    .text               mf_w.l(fflti.o)
    0x08000676   0x0000000a   Code   RO         3763    .text               mf_w.l(ffltui.o)
    0x08000680   0x00000022   Code   RO         3765    .text               mf_w.l(dflti.o)
    0x080006a2   0x0000001a   Code   RO         3767    .text               mf_w.l(dfltui.o)
    0x080006bc   0x00000032   Code   RO         3769    .text               mf_w.l(ffixi.o)
    0x080006ee   0x00000028   Code   RO         3771    .text               mf_w.l(ffixui.o)
    0x08000716   0x0000003e   Code   RO         3773    .text               mf_w.l(dfixi.o)
    0x08000754   0x00000032   Code   RO         3775    .text               mf_w.l(dfixui.o)
    0x08000786   0x00000026   Code   RO         3777    .text               mf_w.l(f2d.o)
    0x080007ac   0x00000030   Code   RO         3779    .text               mf_w.l(cdcmple.o)
    0x080007dc   0x00000038   Code   RO         3781    .text               mf_w.l(d2f.o)
    0x08000814   0x00000014   Code   RO         3783    .text               mf_w.l(cfcmple.o)
    0x08000828   0x00000014   Code   RO         3785    .text               mf_w.l(cfrcmple.o)
    0x0800083c   0x00000062   Code   RO         3843    .text               mc_w.l(uldiv.o)
    0x0800089e   0x0000001e   Code   RO         3845    .text               mc_w.l(llshl.o)
    0x080008bc   0x00000020   Code   RO         3847    .text               mc_w.l(llushr.o)
    0x080008dc   0x00000024   Code   RO         3849    .text               mc_w.l(llsshr.o)
    0x08000900   0x00000000   Code   RO         3858    .text               mc_w.l(iusefp.o)
    0x08000900   0x0000006e   Code   RO         3859    .text               mf_w.l(fepilogue.o)
    0x0800096e   0x000000ba   Code   RO         3861    .text               mf_w.l(depilogue.o)
    0x08000a28   0x0000002e   Code   RO         3863    .text               mf_w.l(dscalb.o)
    0x08000a56   0x00000002   PAD
    0x08000a58   0x00000024   Code   RO         3869    .text               mc_w.l(init.o)
    0x08000a7c   0x00000000   Code   RO         3871    .text               mc_w.l(semi.o)
    0x08000a7c   0x00000000   Code   RO         3872    .text               mc_w.l(iusesemip.o)
    0x08000a7c   0x000000a2   Code   RO         3873    .text               mf_w.l(dsqrt.o)
    0x08000b1e   0x00000004   Code   RO          157    i.BusFault_Handler  stm32f10x_it.o
    0x08000b22   0x00000002   Code   RO          158    i.DebugMon_Handler  stm32f10x_it.o
    0x08000b24   0x00000240   Code   RO         3378    i.EXTI15_10_IRQHandler  control.o
    0x08000d64   0x0000000c   Code   RO          558    i.EXTI_ClearITPendingBit  stm32f10x_exti.o
    0x08000d70   0x00000028   Code   RO          562    i.EXTI_GetITStatus  stm32f10x_exti.o
    0x08000d98   0x00000094   Code   RO          563    i.EXTI_Init         stm32f10x_exti.o
    0x08000e2c   0x000000a0   Code   RO         2644    i.Encoder_TIM2_Init  encoder.o
    0x08000ecc   0x0000009c   Code   RO         2645    i.Encoder_TIM4_Init  encoder.o
    0x08000f68   0x00000040   Code   RO          788    i.GPIO_EXTILineConfig  stm32f10x_gpio.o
    0x08000fa8   0x00000116   Code   RO          791    i.GPIO_Init         stm32f10x_gpio.o
    0x080010be   0x00000002   PAD
    0x080010c0   0x00000090   Code   RO          793    i.GPIO_PinRemapConfig  stm32f10x_gpio.o
    0x08001150   0x00000012   Code   RO          795    i.GPIO_ReadInputDataBit  stm32f10x_gpio.o
    0x08001162   0x00000004   Code   RO          798    i.GPIO_ResetBits    stm32f10x_gpio.o
    0x08001166   0x00000004   Code   RO          799    i.GPIO_SetBits      stm32f10x_gpio.o
    0x0800116a   0x00000004   Code   RO          159    i.HardFault_Handler  stm32f10x_it.o
    0x0800116e   0x00000002   PAD
    0x08001170   0x00000054   Code   RO         2680    i.MPU6050_EXTI_Init  exti.o
    0x080011c4   0x00000050   Code   RO         2698    i.MPU_Get_Accelerometer  mpu6050.o
    0x08001214   0x00000050   Code   RO         2699    i.MPU_Get_Gyroscope  mpu6050.o
    0x08001264   0x0000004c   Code   RO         2776    i.MPU_IIC_Ack       mpuiic.o
    0x080012b0   0x0000000a   Code   RO         2777    i.MPU_IIC_Delay     mpuiic.o
    0x080012ba   0x00000002   PAD
    0x080012bc   0x0000002c   Code   RO         2778    i.MPU_IIC_Init      mpuiic.o
    0x080012e8   0x0000004c   Code   RO         2779    i.MPU_IIC_NAck      mpuiic.o
    0x08001334   0x0000006c   Code   RO         2780    i.MPU_IIC_Read_Byte  mpuiic.o
    0x080013a0   0x0000005c   Code   RO         2781    i.MPU_IIC_Send_Byte  mpuiic.o
    0x080013fc   0x00000048   Code   RO         2782    i.MPU_IIC_Start     mpuiic.o
    0x08001444   0x00000048   Code   RO         2783    i.MPU_IIC_Stop      mpuiic.o
    0x0800148c   0x00000064   Code   RO         2784    i.MPU_IIC_Wait_Ack  mpuiic.o
    0x080014f0   0x0000007a   Code   RO         2701    i.MPU_Init          mpu6050.o
    0x0800156a   0x0000003a   Code   RO         2702    i.MPU_Read_Byte     mpu6050.o
    0x080015a4   0x00000074   Code   RO         2703    i.MPU_Read_Len      mpu6050.o
    0x08001618   0x00000010   Code   RO         2704    i.MPU_Set_Accel_Fsr  mpu6050.o
    0x08001628   0x00000010   Code   RO         2705    i.MPU_Set_Gyro_Fsr  mpu6050.o
    0x08001638   0x0000003a   Code   RO         2706    i.MPU_Set_LPF       mpu6050.o
    0x08001672   0x0000003a   Code   RO         2707    i.MPU_Set_Rate      mpu6050.o
    0x080016ac   0x00000044   Code   RO         2708    i.MPU_Write_Byte    mpu6050.o
    0x080016f0   0x00000060   Code   RO         2709    i.MPU_Write_Len     mpu6050.o
    0x08001750   0x00000004   Code   RO          160    i.MemManage_Handler  stm32f10x_it.o
    0x08001754   0x0000002c   Code   RO         3360    i.Motor_Init        pwm.o
    0x08001780   0x00000002   Code   RO          161    i.NMI_Handler       stm32f10x_it.o
    0x08001782   0x00000046   Code   RO         2681    i.NVIC_Config       exti.o
    0x080017c8   0x00000070   Code   RO          383    i.NVIC_Init         misc.o
    0x08001838   0x00000014   Code   RO          384    i.NVIC_PriorityGroupConfig  misc.o
    0x0800184c   0x0000003e   Code   RO         2453    i.OLED_Clear        oled.o
    0x0800188a   0x00000002   PAD
    0x0800188c   0x000001c0   Code   RO         2457    i.OLED_Float        oled.o
    0x08001a4c   0x00000028   Code   RO         2459    i.OLED_IIC_Start    oled.o
    0x08001a74   0x00000020   Code   RO         2460    i.OLED_IIC_Stop     oled.o
    0x08001a94   0x00000018   Code   RO         2461    i.OLED_IIC_Wait_Ack  oled.o
    0x08001aac   0x00000120   Code   RO         2462    i.OLED_Init         oled.o
    0x08001bcc   0x00000028   Code   RO         2469    i.OLED_Set_Pos      oled.o
    0x08001bf4   0x000000a4   Code   RO         2471    i.OLED_ShowChar     oled.o
    0x08001c98   0x00000036   Code   RO         2473    i.OLED_ShowString   oled.o
    0x08001cce   0x00000018   Code   RO         2474    i.OLED_WR_Byte      oled.o
    0x08001ce6   0x00000002   PAD
    0x08001ce8   0x00000054   Code   RO         2475    i.OLED_Write_IIC_Byte  oled.o
    0x08001d3c   0x0000002c   Code   RO         2476    i.OLED_Write_IIC_Command  oled.o
    0x08001d68   0x0000002c   Code   RO         2477    i.OLED_Write_IIC_Data  oled.o
    0x08001d94   0x000000a8   Code   RO         3361    i.PWM_Init_TIM1     pwm.o
    0x08001e3c   0x00000002   Code   RO          162    i.PendSV_Handler    stm32f10x_it.o
    0x08001e3e   0x00000002   PAD
    0x08001e40   0x00000020   Code   RO         1105    i.RCC_APB1PeriphClockCmd  stm32f10x_rcc.o
    0x08001e60   0x00000020   Code   RO         1107    i.RCC_APB2PeriphClockCmd  stm32f10x_rcc.o
    0x08001e80   0x000000d4   Code   RO         1115    i.RCC_GetClocksFreq  stm32f10x_rcc.o
    0x08001f54   0x00000050   Code   RO         2646    i.Read_Encoder      encoder.o
    0x08001fa4   0x00000002   Code   RO          163    i.SVC_Handler       stm32f10x_it.o
    0x08001fa6   0x00000008   Code   RO          229    i.SetSysClock       system_stm32f10x.o
    0x08001fae   0x00000002   PAD
    0x08001fb0   0x000000e0   Code   RO          230    i.SetSysClockTo72   system_stm32f10x.o
    0x08002090   0x00000074   Code   RO         3379    i.Set_Pwm           control.o
    0x08002104   0x00000028   Code   RO          387    i.SysTick_CLKSourceConfig  misc.o
    0x0800212c   0x00000002   Code   RO          164    i.SysTick_Handler   stm32f10x_it.o
    0x0800212e   0x00000002   PAD
    0x08002130   0x00000060   Code   RO          232    i.SystemInit        system_stm32f10x.o
    0x08002190   0x00000080   Code   RO         1723    i.TI1_Config        stm32f10x_tim.o
    0x08002210   0x00000098   Code   RO         1724    i.TI2_Config        stm32f10x_tim.o
    0x080022a8   0x00000090   Code   RO         1725    i.TI3_Config        stm32f10x_tim.o
    0x08002338   0x00000098   Code   RO         1726    i.TI4_Config        stm32f10x_tim.o
    0x080023d0   0x00000018   Code   RO         2647    i.TIM2_IRQHandler   encoder.o
    0x080023e8   0x00000018   Code   RO         2648    i.TIM4_IRQHandler   encoder.o
    0x08002400   0x00000018   Code   RO         1727    i.TIM_ARRPreloadConfig  stm32f10x_tim.o
    0x08002418   0x00000006   Code   RO         1733    i.TIM_ClearFlag     stm32f10x_tim.o
    0x0800241e   0x00000018   Code   RO         1739    i.TIM_Cmd           stm32f10x_tim.o
    0x08002436   0x0000001e   Code   RO         1741    i.TIM_CtrlPWMOutputs  stm32f10x_tim.o
    0x08002454   0x00000042   Code   RO         1748    i.TIM_EncoderInterfaceConfig  stm32f10x_tim.o
    0x08002496   0x00000002   PAD
    0x08002498   0x000000ac   Code   RO         1762    i.TIM_ICInit        stm32f10x_tim.o
    0x08002544   0x00000012   Code   RO         1763    i.TIM_ICStructInit  stm32f10x_tim.o
    0x08002556   0x00000012   Code   RO         1764    i.TIM_ITConfig      stm32f10x_tim.o
    0x08002568   0x00000098   Code   RO         1768    i.TIM_OC1Init       stm32f10x_tim.o
    0x08002600   0x00000012   Code   RO         1771    i.TIM_OC1PreloadConfig  stm32f10x_tim.o
    0x08002612   0x00000002   PAD
    0x08002614   0x0000007c   Code   RO         1783    i.TIM_OC4Init       stm32f10x_tim.o
    0x08002690   0x0000001a   Code   RO         1785    i.TIM_OC4PreloadConfig  stm32f10x_tim.o
    0x080026aa   0x00000004   Code   RO         1804    i.TIM_SetCounter    stm32f10x_tim.o
    0x080026ae   0x00000012   Code   RO         1805    i.TIM_SetIC1Prescaler  stm32f10x_tim.o
    0x080026c0   0x0000001a   Code   RO         1806    i.TIM_SetIC2Prescaler  stm32f10x_tim.o
    0x080026da   0x00000012   Code   RO         1807    i.TIM_SetIC3Prescaler  stm32f10x_tim.o
    0x080026ec   0x0000001a   Code   RO         1808    i.TIM_SetIC4Prescaler  stm32f10x_tim.o
    0x08002706   0x00000002   PAD
    0x08002708   0x000000a4   Code   RO         1810    i.TIM_TimeBaseInit  stm32f10x_tim.o
    0x080027ac   0x00000012   Code   RO         1811    i.TIM_TimeBaseStructInit  stm32f10x_tim.o
    0x080027be   0x00000002   PAD
    0x080027c0   0x00000040   Code   RO         3442    i.Tracking_Init     tracking.o
    0x08002800   0x0000008c   Code   RO         3443    i.Tracking_detection  tracking.o
    0x0800288c   0x00000208   Code   RO          165    i.USART3_IRQHandler  stm32f10x_it.o
    0x08002a94   0x00000018   Code   RO         2275    i.USART_Cmd         stm32f10x_usart.o
    0x08002aac   0x00000054   Code   RO         2279    i.USART_GetITStatus  stm32f10x_usart.o
    0x08002b00   0x0000004a   Code   RO         2281    i.USART_ITConfig    stm32f10x_usart.o
    0x08002b4a   0x00000002   PAD
    0x08002b4c   0x000000d8   Code   RO         2282    i.USART_Init        stm32f10x_usart.o
    0x08002c24   0x0000000a   Code   RO         2289    i.USART_ReceiveData  stm32f10x_usart.o
    0x08002c2e   0x00000004   Code   RO          166    i.UsageFault_Handler  stm32f10x_it.o
    0x08002c32   0x00000002   PAD
    0x08002c34   0x00000048   Code   RO         3381    i.Xianfu_Pwm        control.o
    0x08002c7c   0x00000020   Code   RO         3695    i.__0printf$8       mc_w.l(printf8.o)
    0x08002c9c   0x00000028   Code   RO         3811    i.__ARM_fpclassify  m_ws.l(fpclassify.o)
    0x08002cc4   0x000000aa   Code   RO         3813    i.__kernel_poly     m_ws.l(poly.o)
    0x08002d6e   0x00000006   Code   RO         3798    i.__mathlib_dbl_infnan  m_ws.l(dunder.o)
    0x08002d74   0x00000004   Code   RO         3799    i.__mathlib_dbl_infnan2  m_ws.l(dunder.o)
    0x08002d78   0x0000000c   Code   RO         3800    i.__mathlib_dbl_invalid  m_ws.l(dunder.o)
    0x08002d84   0x00000010   Code   RO         3803    i.__mathlib_dbl_underflow  m_ws.l(dunder.o)
    0x08002d94   0x0000000e   Code   RO         3877    i.__scatterload_copy  mc_w.l(handlers.o)
    0x08002da2   0x00000002   Code   RO         3878    i.__scatterload_null  mc_w.l(handlers.o)
    0x08002da4   0x0000000e   Code   RO         3879    i.__scatterload_zeroinit  mc_w.l(handlers.o)
    0x08002db2   0x00000002   PAD
    0x08002db4   0x0000000c   Code   RO         3853    i.__set_errno       mc_w.l(errno.o)
    0x08002dc0   0x00000410   Code   RO         3702    i._printf_core      mc_w.l(printf8.o)
    0x080031d0   0x00000024   Code   RO         3703    i._printf_post_padding  mc_w.l(printf8.o)
    0x080031f4   0x0000002e   Code   RO         3704    i._printf_pre_padding  mc_w.l(printf8.o)
    0x08003222   0x00000002   PAD
    0x08003224   0x000000a8   Code   RO         3035    i.accel_self_test   inv_mpu.o
    0x080032cc   0x00000270   Code   RO         3462    i.asin              m_ws.l(asin.o)
    0x0800353c   0x00000220   Code   RO         3788    i.atan              m_ws.l(atan.o)
    0x0800375c   0x00000180   Code   RO         3472    i.atan2             m_ws.l(atan2.o)
    0x080038dc   0x0000004c   Code   RO         3382    i.balance           control.o
    0x08003928   0x00000064   Code   RO         2836    i.decode_gesture    inv_mpu_dmp_motion_driver.o
    0x0800398c   0x00000044   Code   RO          263    i.delay_init        delay.o
    0x080039d0   0x0000004c   Code   RO          264    i.delay_ms          delay.o
    0x08003a1c   0x0000004c   Code   RO          265    i.delay_us          delay.o
    0x08003a68   0x0000003c   Code   RO         2837    i.dmp_enable_6x_lp_quat  inv_mpu_dmp_motion_driver.o
    0x08003aa4   0x0000021c   Code   RO         2838    i.dmp_enable_feature  inv_mpu_dmp_motion_driver.o
    0x08003cc0   0x00000058   Code   RO         2839    i.dmp_enable_gyro_cal  inv_mpu_dmp_motion_driver.o
    0x08003d18   0x0000003c   Code   RO         2840    i.dmp_enable_lp_quat  inv_mpu_dmp_motion_driver.o
    0x08003d54   0x00000018   Code   RO         2845    i.dmp_load_motion_driver_firmware  inv_mpu_dmp_motion_driver.o
    0x08003d6c   0x000001cc   Code   RO         2846    i.dmp_read_fifo     inv_mpu_dmp_motion_driver.o
    0x08003f38   0x00000130   Code   RO         2849    i.dmp_set_accel_bias  inv_mpu_dmp_motion_driver.o
    0x08004068   0x00000070   Code   RO         2850    i.dmp_set_fifo_rate  inv_mpu_dmp_motion_driver.o
    0x080040d8   0x00000130   Code   RO         2851    i.dmp_set_gyro_bias  inv_mpu_dmp_motion_driver.o
    0x08004208   0x00000138   Code   RO         2853    i.dmp_set_orientation  inv_mpu_dmp_motion_driver.o
    0x08004340   0x00000038   Code   RO         2856    i.dmp_set_shake_reject_thresh  inv_mpu_dmp_motion_driver.o
    0x08004378   0x00000026   Code   RO         2857    i.dmp_set_shake_reject_time  inv_mpu_dmp_motion_driver.o
    0x0800439e   0x00000026   Code   RO         2858    i.dmp_set_shake_reject_timeout  inv_mpu_dmp_motion_driver.o
    0x080043c4   0x00000046   Code   RO         2859    i.dmp_set_tap_axes  inv_mpu_dmp_motion_driver.o
    0x0800440a   0x00000026   Code   RO         2860    i.dmp_set_tap_count  inv_mpu_dmp_motion_driver.o
    0x08004430   0x000001a0   Code   RO         2861    i.dmp_set_tap_thresh  inv_mpu_dmp_motion_driver.o
    0x080045d0   0x00000026   Code   RO         2862    i.dmp_set_tap_time  inv_mpu_dmp_motion_driver.o
    0x080045f6   0x00000026   Code   RO         2863    i.dmp_set_tap_time_multi  inv_mpu_dmp_motion_driver.o
    0x0800461c   0x00000012   Code   RO         3838    i.fputc             mc_w.l(fputc.o)
    0x0800462e   0x00000002   PAD
    0x08004630   0x000000b4   Code   RO         3036    i.get_accel_prod_shift  inv_mpu.o
    0x080046e4   0x00000470   Code   RO         3037    i.get_st_biases     inv_mpu.o
    0x08004b54   0x00000110   Code   RO         3038    i.gyro_self_test    inv_mpu.o
    0x08004c64   0x00000028   Code   RO         3039    i.inv_orientation_matrix_to_scalar  inv_mpu.o
    0x08004c8c   0x0000004e   Code   RO         3040    i.inv_row_2_scale   inv_mpu.o
    0x08004cda   0x00000002   PAD
    0x08004cdc   0x0000010c   Code   RO            2    i.main              main.o
    0x08004de8   0x00000002   Code   RO         3041    i.mget_ms           inv_mpu.o
    0x08004dea   0x00000002   PAD
    0x08004dec   0x00000070   Code   RO         3042    i.mpu_configure_fifo  inv_mpu.o
    0x08004e5c   0x00000224   Code   RO         3043    i.mpu_dmp_get_data  inv_mpu.o
    0x08005080   0x00000098   Code   RO         3044    i.mpu_dmp_init      inv_mpu.o
    0x08005118   0x0000004c   Code   RO         3045    i.mpu_get_accel_fsr  inv_mpu.o
    0x08005164   0x00000054   Code   RO         3047    i.mpu_get_accel_sens  inv_mpu.o
    0x080051b8   0x00000010   Code   RO         3052    i.mpu_get_fifo_config  inv_mpu.o
    0x080051c8   0x00000044   Code   RO         3053    i.mpu_get_gyro_fsr  inv_mpu.o
    0x0800520c   0x00000050   Code   RO         3055    i.mpu_get_gyro_sens  inv_mpu.o
    0x0800525c   0x00000050   Code   RO         3057    i.mpu_get_lpf       inv_mpu.o
    0x080052ac   0x00000020   Code   RO         3059    i.mpu_get_sample_rate  inv_mpu.o
    0x080052cc   0x000001f0   Code   RO         3061    i.mpu_init          inv_mpu.o
    0x080054bc   0x000000b8   Code   RO         3062    i.mpu_load_firmware  inv_mpu.o
    0x08005574   0x000000e0   Code   RO         3063    i.mpu_lp_accel_mode  inv_mpu.o
    0x08005654   0x000000c0   Code   RO         3066    i.mpu_read_fifo_stream  inv_mpu.o
    0x08005714   0x00000080   Code   RO         3067    i.mpu_read_mem      inv_mpu.o
    0x08005794   0x000001c8   Code   RO         3070    i.mpu_reset_fifo    inv_mpu.o
    0x0800595c   0x0000011c   Code   RO         3071    i.mpu_run_self_test  inv_mpu.o
    0x08005a78   0x00000084   Code   RO         3073    i.mpu_set_accel_fsr  inv_mpu.o
    0x08005afc   0x0000014c   Code   RO         3074    i.mpu_set_bypass    inv_mpu.o
    0x08005c48   0x00000090   Code   RO         3076    i.mpu_set_dmp_state  inv_mpu.o
    0x08005cd8   0x00000088   Code   RO         3077    i.mpu_set_gyro_fsr  inv_mpu.o
    0x08005d60   0x0000006c   Code   RO         3078    i.mpu_set_int_latched  inv_mpu.o
    0x08005dcc   0x00000084   Code   RO         3080    i.mpu_set_lpf       inv_mpu.o
    0x08005e50   0x0000009c   Code   RO         3081    i.mpu_set_sample_rate  inv_mpu.o
    0x08005eec   0x000000d0   Code   RO         3082    i.mpu_set_sensors   inv_mpu.o
    0x08005fbc   0x00000080   Code   RO         3083    i.mpu_write_mem     inv_mpu.o
    0x0800603c   0x0000000e   Code   RO         3383    i.myabs             control.o
    0x0800604a   0x00000094   Code   RO         3084    i.run_self_test     inv_mpu.o
    0x080060de   0x00000002   PAD
    0x080060e0   0x00000090   Code   RO         3085    i.set_int_enable    inv_mpu.o
    0x08006170   0x0000004c   Code   RO         3817    i.sqrt              m_ws.l(sqrt.o)
    0x080061bc   0x0000004c   Code   RO         3384    i.turn              control.o
    0x08006208   0x0000008c   Code   RO          344    i.uart3_init        usart.o
    0x08006294   0x00000084   Code   RO          345    i.uart_init         usart.o
    0x08006318   0x00000118   Code   RO         3385    i.velocity          control.o
    0x08006430   0x00000818   Data   RO         2481    .constdata          oled.o
    0x08006c48   0x00000bf6   Data   RO         2865    .constdata          inv_mpu_dmp_motion_driver.o
    0x0800783e   0x00000002   PAD
    0x08007840   0x00000050   Data   RO         3087    .constdata          inv_mpu.o
    0x08007890   0x00000050   Data   RO         3463    .constdata          m_ws.l(asin.o)
    0x080078e0   0x00000098   Data   RO         3789    .constdata          m_ws.l(atan.o)
    0x08007978   0x00000008   Data   RO         3815    .constdata          m_ws.l(qnan.o)
    0x08007980   0x0000004d   Data   RO         3088    .conststring        inv_mpu.o
    0x080079cd   0x00000003   PAD
    0x080079d0   0x00000020   Data   RO         3875    Region$$Table       anon$$obj.o


    Execution Region ER_RW (Base: 0x20000000, Size: 0x000000ec, Max: 0xffffffff, ABSOLUTE)

    Base Addr    Size         Type   Attr      Idx    E Section Name        Object

    0x20000000   0x00000010   Data   RW          167    .data               stm32f10x_it.o
    0x20000010   0x00000014   Data   RW          233    .data               system_stm32f10x.o
    0x20000024   0x00000004   Data   RW          266    .data               delay.o
    0x20000028   0x00000014   Data   RW         1135    .data               stm32f10x_rcc.o
    0x2000003c   0x00000035   Data   RW         3089    .data               inv_mpu.o
    0x20000071   0x00000003   PAD
    0x20000074   0x00000070   Data   RW         3386    .data               control.o
    0x200000e4   0x00000004   Data   RW         3840    .data               mc_w.l(stdout.o)
    0x200000e8   0x00000004   Data   RW         3854    .data               mc_w.l(errno.o)


    Execution Region ER_ZI (Base: 0x200000ec, Size: 0x00000414, Max: 0xffffffff, ABSOLUTE)

    Base Addr    Size         Type   Attr      Idx    E Section Name        Object

    0x200000ec   0x00000010   Zero   RW         2864    .bss                inv_mpu_dmp_motion_driver.o
    0x200000fc   0x00000004   PAD
    0x20000100   0x00000400   Zero   RW          376    STACK               startup_stm32f10x_md.o


==============================================================================

Image component sizes


      Code (inc. data)   RO Data    RW Data    ZI Data      Debug   Object Name

      1210        202          0        112          0       5656   control.o
       220         26          0          4          0     207363   delay.o
       444         30          0          0          0       2935   encoder.o
       154          4          0          0          0       1110   exti.o
      6856        288        157         53          0      31232   inv_mpu.o
      3096        122       3062          0         16      20834   inv_mpu_dmp_motion_driver.o
       268         20          0          0          0     250307   main.o
       172         22          0          0          0       2113   misc.o
       768          0          0          0          0       7579   mpu6050.o
       650         98          0          0          0       4946   mpuiic.o
      1348         42       2072          0          0       9097   oled.o
       212         12          0          0          0       1245   pwm.o
        36          8        236          0       1024        800   startup_stm32f10x_md.o
       200         18          0          0          0       2156   stm32f10x_exti.o
       512         10          0          0          0       5172   stm32f10x_gpio.o
       546         32          0         16          0       5318   stm32f10x_it.o
       276         32          0         20          0       4510   stm32f10x_rcc.o
      1528        180          0          0          0      15105   stm32f10x_tim.o
       408          6          0          0          0       5026   stm32f10x_usart.o
         0          0          0          0          0         32   sys.o
       328         28          0         20          0       2157   system_stm32f10x.o
       204         28          0          0          0       1089   tracking.o
       272         18          0          0          0       1345   usart.o

    ----------------------------------------------------------------------
     19742       1226       5564        228       1044     587127   Object Totals
         0          0         32          0          0          0   (incl. Generated)
        34          0          5          3          4          0   (incl. Padding)

    ----------------------------------------------------------------------

      Code (inc. data)   RO Data    RW Data    ZI Data      Debug   Library Member Name

       624         52         80          0          0        168   asin.o
       544         70        152          0          0        124   atan.o
       384         38          0          0          0        144   atan2.o
        38          6          0          0          0        272   dunder.o
        40          0          0          0          0         68   fpclassify.o
       170          0          0          0          0         96   poly.o
         0          0          8          0          0          0   qnan.o
        76          0          0          0          0         84   sqrt.o
         0          0          0          0          0          0   entry.o
         0          0          0          0          0          0   entry10a.o
         0          0          0          0          0          0   entry11a.o
         8          4          0          0          0          0   entry2.o
         4          0          0          0          0          0   entry5.o
         0          0          0          0          0          0   entry7b.o
         0          0          0          0          0          0   entry8b.o
         8          4          0          0          0          0   entry9a.o
        12          6          0          4          0         68   errno.o
        18          0          0          0          0         80   fputc.o
        30          0          0          0          0          0   handlers.o
        36          8          0          0          0         68   init.o
         0          0          0          0          0          0   iusefp.o
         0          0          0          0          0          0   iusesemip.o
        98          0          0          0          0         84   ldiv.o
        30          0          0          0          0         68   llshl.o
        36          0          0          0          0         68   llsshr.o
        32          0          0          0          0         68   llushr.o
        26          0          0          0          0         80   memcmp.o
        36          0          0          0          0        108   memseta.o
      1154         54          0          0          0        352   printf8.o
         0          0          0          0          0          0   semi.o
         0          0          0          4          0          0   stdout.o
        98          0          0          0          0         92   uldiv.o
        48          0          0          0          0         68   cdcmple.o
        20          0          0          0          0         68   cfcmple.o
        20          0          0          0          0         68   cfrcmple.o
        56          0          0          0          0         88   d2f.o
       334          0          0          0          0        148   dadd.o
       222          0          0          0          0        100   ddiv.o
       186          0          0          0          0        176   depilogue.o
        62          0          0          0          0         80   dfixi.o
        50          0          0          0          0         76   dfixui.o
        34          0          0          0          0         76   dflti.o
        26          0          0          0          0         76   dfltui.o
       228          0          0          0          0         96   dmul.o
        46          0          0          0          0         80   dscalb.o
       162          0          0          0          0        100   dsqrt.o
        38          0          0          0          0         68   f2d.o
       176          0          0          0          0        140   fadd.o
       124          0          0          0          0         88   fdiv.o
       110          0          0          0          0        168   fepilogue.o
        50          0          0          0          0         68   ffixi.o
        40          0          0          0          0         68   ffixui.o
        18          0          0          0          0         68   fflti.o
        10          0          0          0          0         68   ffltui.o
       100          0          0          0          0         76   fmul.o

    ----------------------------------------------------------------------
      5670        242        240          8          0       4204   Library Totals
         8          0          0          0          0          0   (incl. Padding)

    ----------------------------------------------------------------------

      Code (inc. data)   RO Data    RW Data    ZI Data      Debug   Library Name

      1876        166        240          0          0        956   m_ws.l
      1626         76          0          8          0       1136   mc_w.l
      2160          0          0          0          0       2112   mf_w.l

    ----------------------------------------------------------------------
      5670        242        240          8          0       4204   Library Totals

    ----------------------------------------------------------------------

==============================================================================


      Code (inc. data)   RO Data    RW Data    ZI Data      Debug   

     25412       1468       5804        236       1044     580719   Grand Totals
     25412       1468       5804        236       1044     580719   ELF Image Totals
     25412       1468       5804        236          0          0   ROM Totals

==============================================================================

    Total RO  Size (Code + RO Data)                31216 (  30.48kB)
    Total RW  Size (RW Data + ZI Data)              1280 (   1.25kB)
    Total ROM Size (Code + RO Data + RW Data)      31452 (  30.71kB)

==============================================================================

